 windivert

 Timestamp is 5df2098c (Thu Dec 12 22:34:04 2019)

 Preferred load address is 0000000180000000

 Start         Length     Name                   Class
 0001:00000000 00000040H .text                   CODE
 0001:00000040 00000130H .text$di                CODE
 0001:00000170 000246e0H .text$mn                CODE
 0001:00024850 00000020H .text$mn$00             CODE
 0001:00024870 000004e0H .text$x                 CODE
 0001:00024d50 00000130H .text$yd                CODE
 0002:00000000 000002e8H .idata$5                DATA
 0002:000002e8 00000010H .00cfg                  DATA
 0002:000002f8 00000008H .CRT$XCA                DATA
 0002:00000300 00000038H .CRT$XCC                DATA
 0002:00000338 00000010H .CRT$XCL                DATA
 0002:00000348 00000010H .CRT$XCU                DATA
 0002:00000358 00000008H .CRT$XCZ                DATA
 0002:00000360 00000008H .CRT$XIA                DATA
 0002:00000368 00000028H .CRT$XIC                DATA
 0002:00000390 00000008H .CRT$XIZ                DATA
 0002:00000398 00000008H .CRT$XPA                DATA
 0002:000003a0 00000010H .CRT$XPX                DATA
 0002:000003b0 00000008H .CRT$XPXA               DATA
 0002:000003b8 00000008H .CRT$XPZ                DATA
 0002:000003c0 00000008H .CRT$XTA                DATA
 0002:000003c8 00000008H .CRT$XTZ                DATA
 0002:000003d0 00000000H .gfids$y                DATA
 0002:000003d0 000119f0H .rdata                  DATA
 0002:00011dc0 00000ebcH .rdata$r                DATA
 0002:00012c7c 00000444H .rdata$zzzdbg           DATA
 0002:000130c0 00000008H .rtc$IAA                DATA
 0002:000130c8 00000008H .rtc$IZZ                DATA
 0002:000130d0 00000008H .rtc$TAA                DATA
 0002:000130d8 00000008H .rtc$TZZ                DATA
 0002:000130e0 00001cc0H .xdata                  DATA
 0002:00014da0 0000032cH .xdata$x                DATA
 0002:000150cc 00000020H .didat$2                DATA
 0002:000150ec 00000024H .didat$3                DATA
 0002:00015110 00000168H .didat$4                DATA
 0002:00015278 00000b60H .didat$6                DATA
 0002:00015dd8 00000168H .didat$7                DATA
 0002:00015f40 00000054H .edata                  DATA
 0002:00015f94 00000028H .idata$2                DATA
 0002:00015fbc 00000014H .idata$3                DATA
 0002:00015fd0 000002e8H .idata$4                DATA
 0002:000162b8 000006a8H .idata$6                DATA
 0002:00016960 0000002cH .idata$7                DATA
 0003:00000000 00000ba0H .data                   DATA
 0003:00000ba0 00000560H .data$r                 DATA
 0003:00001100 00000170H .didat$5                DATA
 0003:00001270 00001994H .bss                    DATA
 0004:00000000 000020f4H .pdata                  DATA
 0005:00000000 00000060H .rsrc$01                DATA
 0005:00000060 00000180H .rsrc$02                DATA

  Address         Publics by Value              Rva+Base               Lib:Object

 0000:00000000       __hybrid_code_map_count    0000000000000000     <absolute>
 0000:00000000       __hybrid_code_map          0000000000000000     <absolute>
 0000:00000000       __guard_iat_count          0000000000000000     <absolute>
 0000:00000000       __guard_longjmp_count      0000000000000000     <absolute>
 0000:00000000       __guard_longjmp_table      0000000000000000     <absolute>
 0000:00000000       __volatile_metadata        0000000000000000     <absolute>
 0000:00000000       __guard_iat_table          0000000000000000     <absolute>
 0000:00000000       __guard_fids_count         0000000000000000     <absolute>
 0000:00000000       ___safe_se_handler_count   0000000000000000     <absolute>
 0000:00000000       __enclave_config           0000000000000000     <absolute>
 0000:00000000       ___safe_se_handler_table   0000000000000000     <absolute>
 0000:00000000       __guard_fids_table         0000000000000000     <absolute>
 0000:00000000       __hybrid_auxiliary_iat     0000000000000000     <absolute>
 0000:00000000       __dynamic_value_reloc_table 0000000000000000     <absolute>
 0000:00000100       __guard_flags              0000000000000100     <absolute>
 0000:00000000       __ImageBase                0000000180000000     <linker-defined>
 0001:00000000       WinDivertGetParam          0000000180001000     WinDivert:diyls00001.o
 0001:00000008       WinDivertSend              0000000180001008     WinDivert:diyls00026.o
 0001:00000010       WinDivertHelperCalcChecksums 0000000180001010     WinDivert:diyls00002.o
 0001:00000018       WinDivertOpen              0000000180001018     WinDivert:diyls00023.o
 0001:00000020       WinDivertRecv              0000000180001020     WinDivert:diyls00024.o
 0001:00000028       WinDivertSetParam          0000000180001028     WinDivert:diyls00028.o
 0001:00000030       WinDivertClose             0000000180001030     WinDivert:diyls00000.o
 0001:00000170       ?what@exception@stdext@@UEBAPEBDXZ 0000000180001170 f i windivert.obj
 0001:00000190       ?_Raise@exception@stdext@@QEBAXXZ 0000000180001190 f i windivert.obj
 0001:000001d0       ?_Lock@?$basic_streambuf@DU?$char_traits@D@std@@@std@@UEAAXXZ 00000001800011d0 f i libcpmt:cout.obj
 0001:000001d0       ?imbue@?$basic_streambuf@DU?$char_traits@D@std@@@std@@MEAAXAEBVlocale@2@@Z 00000001800011d0 f i libcpmt:cout.obj
 0001:000001d0       _guard_check_icall_nop     00000001800011d0 f i LIBCMT:guard_support.obj
 0001:000001d0       ?myFree@windivert@@YAXPEADPEAX@Z 00000001800011d0 f i windivert.obj
 0001:000001d0       ?_Doraise@exception@stdext@@MEBAXXZ 00000001800011d0 f i windivert.obj
 0001:000001d0       ?_Unlock@?$basic_streambuf@DU?$char_traits@D@std@@@std@@UEAAXXZ 00000001800011d0 f i libcpmt:cout.obj
 0001:000001e0       ??_Eruntime_error@std@@UEAAPEAXI@Z 00000001800011e0 f i * CIL library *:* CIL module *
 0001:000001e0       ??_Eexception@stdext@@UEAAPEAXI@Z 00000001800011e0 f i * CIL library *:* CIL module *
 0001:000001e0       ??_Gexception@stdext@@UEAAPEAXI@Z 00000001800011e0 f i windivert.obj
 0001:000001e0       ??_Gruntime_error@std@@UEAAPEAXI@Z 00000001800011e0 f i windivert.obj
 0001:00000210       ??0runtime_error@std@@QEAA@PEBD@Z 0000000180001210 f i windivert.obj
 0001:00000230       ??0_Locinfo@std@@QEAA@PEBD@Z 0000000180001230 f i windivert.obj
 0001:000002b0       ??1_Locinfo@std@@QEAA@XZ   00000001800012b0 f i windivert.obj
 0001:00000350       ??_E_Facet_base@std@@UEAAPEAXI@Z 0000000180001350 f i * CIL library *:* CIL module *
 0001:00000350       ??_G_Facet_base@std@@UEAAPEAXI@Z 0000000180001350 f i windivert.obj
 0001:00000380       ?_Incref@facet@locale@std@@UEAAXXZ 0000000180001380 f i windivert.obj
 0001:00000390       ?_Decref@facet@locale@std@@UEAAPEAV_Facet_base@3@XZ 0000000180001390 f i windivert.obj
 0001:000003a0       ?do_tolower@?$ctype@D@std@@MEBADD@Z 00000001800013a0 f i windivert.obj
 0001:000003b0       ?do_tolower@?$ctype@D@std@@MEBAPEBDPEADPEBD@Z 00000001800013b0 f i windivert.obj
 0001:00000410       ?do_toupper@?$ctype@D@std@@MEBADD@Z 0000000180001410 f i windivert.obj
 0001:00000420       ?do_toupper@?$ctype@D@std@@MEBAPEBDPEADPEBD@Z 0000000180001420 f i windivert.obj
 0001:00000480       ?do_widen@?$ctype@D@std@@MEBADD@Z 0000000180001480 f i windivert.obj
 0001:00000480       ?do_narrow@?$ctype@D@std@@MEBADDD@Z 0000000180001480 f i windivert.obj
 0001:00000490       ?do_widen@?$ctype@D@std@@MEBAPEBDPEBD0PEAD@Z 0000000180001490 f i windivert.obj
 0001:000004b0       ?do_narrow@?$ctype@D@std@@MEBAPEBDPEBD0DPEAD@Z 00000001800014b0 f i windivert.obj
 0001:000004d0       ??_G?$ctype@D@std@@MEAAPEAXI@Z 00000001800014d0 f i windivert.obj
 0001:000004d0       ??_E?$ctype@D@std@@MEAAPEAXI@Z 00000001800014d0 f i * CIL library *:* CIL module *
 0001:00000540       ?default_error_condition@error_category@std@@UEBA?AVerror_condition@2@H@Z 0000000180001540 f i windivert.obj
 0001:00000550       ?equivalent@error_category@std@@UEBA_NHAEBVerror_condition@2@@Z 0000000180001550 f i windivert.obj
 0001:00000590       ?equivalent@error_category@std@@UEBA_NAEBVerror_code@2@H@Z 0000000180001590 f i windivert.obj
 0001:000005b0       ?make_error_code@std@@YA?AVerror_code@1@W4io_errc@1@@Z 00000001800015b0 f i windivert.obj
 0001:00000600       ??0_System_error@std@@IEAA@Verror_code@1@AEBV?$basic_string@DU?$char_traits@D@std@@V?$allocator@D@2@@1@@Z 0000000180001600 f i windivert.obj
 0001:000007e0       ??_Efailure@ios_base@std@@UEAAPEAXI@Z 00000001800017e0 f i * CIL library *:* CIL module *
 0001:000007e0       ??_Gfailure@ios_base@std@@UEAAPEAXI@Z 00000001800017e0 f i windivert.obj
 0001:000007e0       ??_Gsystem_error@std@@UEAAPEAXI@Z 00000001800017e0 f i windivert.obj
 0001:000007e0       ??_E_System_error@std@@UEAAPEAXI@Z 00000001800017e0 f i * CIL library *:* CIL module *
 0001:000007e0       ??_G_System_error@std@@UEAAPEAXI@Z 00000001800017e0 f i windivert.obj
 0001:000007e0       ??_Esystem_error@std@@UEAAPEAXI@Z 00000001800017e0 f i * CIL library *:* CIL module *
 0001:00000810       ?name@_Iostream_error_category@std@@UEBAPEBDXZ 0000000180001810 f i windivert.obj
 0001:00000820       ?message@_Iostream_error_category@std@@UEBA?AV?$basic_string@DU?$char_traits@D@std@@V?$allocator@D@2@@2@H@Z 0000000180001820 f i windivert.obj
 0001:00000870       ??_E_Iostream_error_category@std@@UEAAPEAXI@Z 0000000180001870 f i * CIL library *:* CIL module *
 0001:00000870       ??_G_Iostream_error_category@std@@UEAAPEAXI@Z 0000000180001870 f i windivert.obj
 0001:000008a0       ??0failure@ios_base@std@@QEAA@PEBDAEBVerror_code@2@@Z 00000001800018a0 f i windivert.obj
 0001:00000950       ??1failure@ios_base@std@@UEAA@XZ 0000000180001950 f i windivert.obj
 0001:00000960       ?NODE_SET_PROTOTYPE_METHOD@node@@YAXV?$Local@VFunctionTemplate@v8@@@v8@@PEBDP6AXAEBV?$FunctionCallbackInfo@VValue@v8@@@3@@Z@Z 0000000180001960 f i windivert.obj
 0001:00000a60       ?Ref@ObjectWrap@node@@MEAAXXZ 0000000180001a60 f i windivert.obj
 0001:00000aa0       ?Unref@ObjectWrap@node@@MEAAXXZ 0000000180001aa0 f i windivert.obj
 0001:00000b50       ?WeakCallback@ObjectWrap@node@@CAXAEBV?$WeakCallbackInfo@VObjectWrap@node@@@v8@@@Z 0000000180001b50 f i windivert.obj
 0001:00000bb0       ??_EObjectWrap@node@@UEAAPEAXI@Z 0000000180001bb0 f i * CIL library *:* CIL module *
 0001:00000bb0       ??_GObjectWrap@node@@UEAAPEAXI@Z 0000000180001bb0 f i windivert.obj
 0001:00000c10       ?HelperCalcChecksums@windivert@@YAXAEBV?$FunctionCallbackInfo@VValue@v8@@@v8@@@Z 0000000180001c10 f   windivert.obj
 0001:00000d30       ??_GWinDivert@windivert@@EEAAPEAXI@Z 0000000180001d30 f i windivert.obj
 0001:00000d30       ??_EWinDivert@windivert@@EEAAPEAXI@Z 0000000180001d30 f i * CIL library *:* CIL module *
 0001:00000db0       ?Init@WinDivert@windivert@@SAXV?$Local@VObject@v8@@@v8@@@Z 0000000180001db0 f   windivert.obj
 0001:00001080       ?New@WinDivert@windivert@@CAXAEBV?$FunctionCallbackInfo@VValue@v8@@@v8@@@Z 0000000180002080 f   windivert.obj
 0001:000014d0       ?setQueueLength@WinDivert@windivert@@CAXAEBV?$FunctionCallbackInfo@VValue@v8@@@v8@@@Z 00000001800024d0 f   windivert.obj
 0001:00001560       ?close@WinDivert@windivert@@CAXAEBV?$FunctionCallbackInfo@VValue@v8@@@v8@@@Z 0000000180002560 f   windivert.obj
 0001:000015c0       ?send@WinDivert@windivert@@CAXAEBV?$FunctionCallbackInfo@VValue@v8@@@v8@@@Z 00000001800025c0 f   windivert.obj
 0001:000017d0       ?recvAsync@windivert@@YAXPEAUuv_work_s@@@Z 00000001800027d0 f   windivert.obj
 0001:000018a0       ?afterRecvAsync@windivert@@YAXPEAUuv_work_s@@H@Z 00000001800028a0 f   windivert.obj
 0001:00001ae0       ?recv@WinDivert@windivert@@CAXAEBV?$FunctionCallbackInfo@VValue@v8@@@v8@@@Z 0000000180002ae0 f   windivert.obj
 0001:00001bc0       ??1?$basic_string@DU?$char_traits@D@std@@V?$allocator@D@2@@std@@QEAA@XZ 0000000180002bc0 f i windivert.obj
 0001:00001c20       ??0?$basic_string@DU?$char_traits@D@std@@V?$allocator@D@2@@std@@QEAA@QEBD@Z 0000000180002c20 f i windivert.obj
 0001:00001d90       ??0?$basic_string@DU?$char_traits@D@std@@V?$allocator@D@2@@std@@QEAA@AEBV01@@Z 0000000180002d90 f i windivert.obj
 0001:00001e70       ?append@?$basic_string@DU?$char_traits@D@std@@V?$allocator@D@2@@std@@QEAAAEAV12@QEBD_K@Z 0000000180002e70 f i windivert.obj
 0001:00001ef0       ??$use_facet@V?$ctype@D@std@@@std@@YAAEBV?$ctype@D@0@AEBVlocale@0@@Z 0000000180002ef0 f i windivert.obj
 0001:00002130       ??$Unwrap@VWinDivert@windivert@@@ObjectWrap@node@@SAPEAVWinDivert@windivert@@V?$Local@VObject@v8@@@v8@@@Z 0000000180003130 f i windivert.obj
 0001:000021c0       ??$?6U?$char_traits@D@std@@@std@@YAAEAV?$basic_ostream@DU?$char_traits@D@std@@@0@AEAV10@PEBD@Z 00000001800031c0 f i windivert.obj
 0001:00002450       ??$_Reallocate_grow_by@V<lambda_65e615be2a453ca0576c979606f46740>@@PEBD_K@?$basic_string@DU?$char_traits@D@std@@V?$allocator@D@2@@std@@QEAAAEAV01@_KV<lambda_65e615be2a453ca0576c979606f46740>@@PEBD_K@Z 0000000180003450 f i windivert.obj
 0001:000025d0       ??1?$unique_ptr@V_Facet_base@std@@U?$default_delete@V_Facet_base@std@@@2@@std@@QEAA@XZ 00000001800035d0 f i windivert.obj
 0001:000025f0       ??0sentry@?$basic_ostream@DU?$char_traits@D@std@@@std@@QEAA@AEAV12@@Z 00000001800035f0 f i windivert.obj
 0001:00002660       ?_Xlen@?$basic_string@DU?$char_traits@D@std@@V?$allocator@D@2@@std@@SAXXZ 0000000180003660 f i windivert.obj
 0001:00002680       ?flush@?$basic_ostream@DU?$char_traits@D@std@@@std@@QEAAAEAV12@XZ 0000000180003680 f i windivert.obj
 0001:00002750       ?put@?$basic_ostream@DU?$char_traits@D@std@@@std@@QEAAAEAV12@D@Z 0000000180003750 f i windivert.obj
 0001:000028e0       ?widen@?$basic_ios@DU?$char_traits@D@std@@@std@@QEBADD@Z 00000001800038e0 f i windivert.obj
 0001:00002950       ?setstate@?$basic_ios@DU?$char_traits@D@std@@@std@@QEAAXH_N@Z 0000000180003950 f i windivert.obj
 0001:000029d0       ??$_Immortalize_impl@V_Iostream_error_category@std@@@std@@YAHPEAX0PEAPEAX@Z 00000001800039d0 f i windivert.obj
 0001:00002a24       __imp_load_uv_queue_work   0000000180003a24 f   node:node.exe
 0001:00002a30       __tailMerge_node_exe       0000000180003a30     node:node.exe
 0001:00002aa9       __imp_load_?Global@Context@v8@@QEAA?AV?$Local@VObject@v8@@@2@XZ 0000000180003aa9 f   node:node.exe
 0001:00002ab5       __imp_load_?New@Signature@v8@@SA?AV?$Local@VSignature@v8@@@2@PEAVIsolate@2@V?$Local@VFunctionTemplate@v8@@@2@@Z 0000000180003ab5 f   node:node.exe
 0001:00002ac1       __imp_load_?GetCurrentContext@Isolate@v8@@QEAA?AV?$Local@VContext@v8@@@2@XZ 0000000180003ac1 f   node:node.exe
 0001:00002acd       __imp_load_?GetCurrent@Isolate@v8@@SAPEAV12@XZ 0000000180003acd f   node:node.exe
 0001:00002ad9       __imp_load_?CreateHandle@HandleScope@v8@@KAPEAPEAVObject@internal@2@PEAVIsolate@42@PEAV342@@Z 0000000180003ad9 f   node:node.exe
 0001:00002ae5       __imp_load_??1HandleScope@v8@@QEAA@XZ 0000000180003ae5 f   node:node.exe
 0001:00002af1       __imp_load_??0HandleScope@v8@@QEAA@PEAVIsolate@1@@Z 0000000180003af1 f   node:node.exe
 0001:00002afd       __imp_load_?Set@Template@v8@@QEAAXV?$Local@VName@v8@@@2@V?$Local@VData@v8@@@2@W4PropertyAttribute@2@@Z 0000000180003afd f   node:node.exe
 0001:00002b09       __imp_load_?SetClassName@FunctionTemplate@v8@@QEAAXV?$Local@VString@v8@@@2@@Z 0000000180003b09 f   node:node.exe
 0001:00002b15       __imp_load_?PrototypeTemplate@FunctionTemplate@v8@@QEAA?AV?$Local@VObjectTemplate@v8@@@2@XZ 0000000180003b15 f   node:node.exe
 0001:00002b21       __imp_load_?InstanceTemplate@FunctionTemplate@v8@@QEAA?AV?$Local@VObjectTemplate@v8@@@2@XZ 0000000180003b21 f   node:node.exe
 0001:00002b2d       __imp_load_?GetFunction@FunctionTemplate@v8@@QEAA?AV?$MaybeLocal@VFunction@v8@@@2@V?$Local@VContext@v8@@@2@@Z 0000000180003b2d f   node:node.exe
 0001:00002b39       __imp_load_?New@FunctionTemplate@v8@@SA?AV?$Local@VFunctionTemplate@v8@@@2@PEAVIsolate@2@P6AXAEBV?$FunctionCallbackInfo@VValue@v8@@@2@@ZV?$Local@VValue@v8@@@2@V?$Local@VSignature@v8@@@2@HW4ConstructorBehavior@2@W4SideEffectType@2@@Z 0000000180003b39 f   node:node.exe
 0001:00002b45       __imp_load_?ToLocalEmpty@V8@v8@@CAXXZ 0000000180003b45 f   node:node.exe
 0001:00002b51       __imp_load_?ClearWeak@V8@v8@@CAPEAXPEAPEAVObject@internal@2@@Z 0000000180003b51 f   node:node.exe
 0001:00002b5d       __imp_load_?MakeWeak@V8@v8@@CAXPEAPEAVObject@internal@2@PEAXP6AXAEBV?$WeakCallbackInfo@X@2@@ZW4WeakCallbackType@2@@Z 0000000180003b5d f   node:node.exe
 0001:00002b69       __imp_load_?DisposeGlobal@V8@v8@@CAXPEAPEAVObject@internal@2@@Z 0000000180003b69 f   node:node.exe
 0001:00002b75       __imp_load_?GlobalizeReference@V8@v8@@CAPEAPEAVObject@internal@2@PEAVIsolate@42@PEAPEAV342@@Z 0000000180003b75 f   node:node.exe
 0001:00002b81       __imp_load_?IntegerValue@Value@v8@@QEBA_JXZ 0000000180003b81 f   node:node.exe
 0001:00002b8d       __imp_load_?ToString@Value@v8@@QEBA?AV?$MaybeLocal@VString@v8@@@2@V?$Local@VContext@v8@@@2@@Z 0000000180003b8d f   node:node.exe
 0001:00002b99       __imp_load_??1Utf8Value@String@v8@@QEAA@XZ 0000000180003b99 f   node:node.exe
 0001:00002ba5       __imp_load_??0Utf8Value@String@v8@@QEAA@V?$Local@VValue@v8@@@2@@Z 0000000180003ba5 f   node:node.exe
 0001:00002bb1       __imp_load_?NewFromUtf8@String@v8@@SA?AV?$Local@VString@v8@@@2@PEAVIsolate@2@PEBDW4NewStringType@12@H@Z 0000000180003bb1 f   node:node.exe
 0001:00002bbd       __imp_load_?NewFromUtf8@String@v8@@SA?AV?$MaybeLocal@VString@v8@@@2@PEAVIsolate@2@PEBDW4NewStringType@2@H@Z 0000000180003bbd f   node:node.exe
 0001:00002bc9       __imp_load_?New@Number@v8@@SA?AV?$Local@VNumber@v8@@@2@PEAVIsolate@2@N@Z 0000000180003bc9 f   node:node.exe
 0001:00002bd5       __imp_load_?Value@Number@v8@@QEBANXZ 0000000180003bd5 f   node:node.exe
 0001:00002be1       __imp_load_?SlowGetAlignedPointerFromInternalField@Object@v8@@AEAAPEAXH@Z 0000000180003be1 f   node:node.exe
 0001:00002bed       __imp_load_?New@Object@v8@@SA?AV?$Local@VObject@v8@@@2@PEAVIsolate@2@@Z 0000000180003bed f   node:node.exe
 0001:00002bf9       __imp_load_?GetIsolate@Object@v8@@QEAAPEAVIsolate@2@XZ 0000000180003bf9 f   node:node.exe
 0001:00002c05       __imp_load_?SetAlignedPointerInInternalField@Object@v8@@QEAAXHPEAX@Z 0000000180003c05 f   node:node.exe
 0001:00002c11       __imp_load_?InternalFieldCount@Object@v8@@QEAAHXZ 0000000180003c11 f   node:node.exe
 0001:00002c1d       __imp_load_?Get@Object@v8@@QEAA?AV?$Local@VValue@v8@@@2@V32@@Z 0000000180003c1d f   node:node.exe
 0001:00002c29       __imp_load_?Set@Object@v8@@QEAA_NV?$Local@VValue@v8@@@2@0@Z 0000000180003c29 f   node:node.exe
 0001:00002c35       __imp_load_?SetName@Function@v8@@QEAAXV?$Local@VString@v8@@@2@@Z 0000000180003c35 f   node:node.exe
 0001:00002c41       __imp_load_?Call@Function@v8@@QEAA?AV?$Local@VValue@v8@@@2@V32@HQEAV32@@Z 0000000180003c41 f   node:node.exe
 0001:00002c4d       __imp_load_?NewInstance@Function@v8@@QEBA?AV?$MaybeLocal@VObject@v8@@@2@V?$Local@VContext@v8@@@2@HQEAV?$Local@VValue@v8@@@2@@Z 0000000180003c4d f   node:node.exe
 0001:00002c59       __imp_load_?SetInternalFieldCount@ObjectTemplate@v8@@QEAAXH@Z 0000000180003c59 f   node:node.exe
 0001:00002c65       __imp_load_node_module_register 0000000180003c65 f   node:node.exe
 0001:00002c71       __imp_load_?New@Buffer@node@@YA?AV?$MaybeLocal@VObject@v8@@@v8@@PEAVIsolate@4@PEAD_KP6AX1PEAX@Z3@Z 0000000180003c71 f   node:node.exe
 0001:00002c7d       __imp_load_?Data@Buffer@node@@YAPEADV?$Local@VValue@v8@@@v8@@@Z 0000000180003c7d f   node:node.exe
 0001:00002c89       __imp_load_?Length@Buffer@node@@YA_KV?$Local@VValue@v8@@@v8@@@Z 0000000180003c89 f   node:node.exe
 0001:00002c95       __imp_load_uv_default_loop 0000000180003c95 f   node:node.exe
 0001:00002ca1       __imp_load_?ToObject@Value@v8@@QEBA?AV?$Local@VObject@v8@@@2@XZ 0000000180003ca1 f   node:node.exe
 0001:00002cb0       ??0_Init_locks@std@@QEAA@XZ 0000000180003cb0 f   libcpmt:xlock.obj
 0001:00002cfc       ??0_Lockit@std@@QEAA@H@Z   0000000180003cfc f   libcpmt:xlock.obj
 0001:00002d38       ??1_Init_locks@std@@QEAA@XZ 0000000180003d38 f   libcpmt:xlock.obj
 0001:00002d7c       ??1_Lockit@std@@QEAA@XZ    0000000180003d7c f   libcpmt:xlock.obj
 0001:00002db0       ??0_System_error@std@@QEAA@AEBV01@@Z 0000000180003db0 f i libcpmt:xonce.obj
 0001:00002e04       ??0exception@std@@QEAA@AEBV01@@Z 0000000180003e04 f i libcpmt:xonce.obj
 0001:00002e3c       ??0runtime_error@std@@QEAA@AEBV01@@Z 0000000180003e3c f i libcpmt:xonce.obj
 0001:00002e7c       ??0system_error@std@@QEAA@AEBV01@@Z 0000000180003e7c f i libcpmt:xonce.obj
 0001:00002ed8       ??_Ebad_cast@std@@UEAAPEAXI@Z 0000000180003ed8 f i libcpmt:cout.obj
 0001:00002ed8       ??_Gbad_array_new_length@std@@UEAAPEAXI@Z 0000000180003ed8 f i LIBCMT:throw_bad_alloc.obj
 0001:00002ed8       ??_Gbad_cast@std@@UEAAPEAXI@Z 0000000180003ed8 f i libcpmt:cout.obj
 0001:00002ed8       ??_Ebad_alloc@std@@UEAAPEAXI@Z 0000000180003ed8 f i libcpmt:xthrow.obj
 0001:00002ed8       ??_Elength_error@std@@UEAAPEAXI@Z 0000000180003ed8 f i libcpmt:xthrow.obj
 0001:00002ed8       ??_Glogic_error@std@@UEAAPEAXI@Z 0000000180003ed8 f i libcpmt:xthrow.obj
 0001:00002ed8       ??_Gexception@std@@UEAAPEAXI@Z 0000000180003ed8 f i libcpmt:xonce.obj
 0001:00002ed8       ??_Gbad_alloc@std@@UEAAPEAXI@Z 0000000180003ed8 f i libcpmt:xthrow.obj
 0001:00002ed8       ??_Elogic_error@std@@UEAAPEAXI@Z 0000000180003ed8 f i libcpmt:xthrow.obj
 0001:00002ed8       ??_Eexception@std@@UEAAPEAXI@Z 0000000180003ed8 f i libcpmt:xonce.obj
 0001:00002ed8       ??_Gbad_exception@std@@UEAAPEAXI@Z 0000000180003ed8 f i libvcruntime:frame.obj
 0001:00002ed8       ??_Glength_error@std@@UEAAPEAXI@Z 0000000180003ed8 f i libcpmt:xthrow.obj
 0001:00002ed8       ??_Ebad_exception@std@@UEAAPEAXI@Z 0000000180003ed8 f i libvcruntime:frame.obj
 0001:00002ed8       ??_Ebad_array_new_length@std@@UEAAPEAXI@Z 0000000180003ed8 f i LIBCMT:throw_bad_alloc.obj
 0001:00002f1c       ?_Execute_once@std@@YAHAEAUonce_flag@1@P6AHPEAX1PEAPEAX@Z1@Z 0000000180003f1c f   libcpmt:xonce.obj
 0001:00002f24       ?what@exception@std@@UEBAPEBDXZ 0000000180003f24 f i libcpmt:xonce.obj
 0001:00003094       ??$use_facet@V?$codecvt@DDU_Mbstatet@@@std@@@std@@YAAEBV?$codecvt@DDU_Mbstatet@@@0@AEBVlocale@0@@Z 0000000180004094 f i libcpmt:cout.obj
 0001:000031c8       ??0?$basic_ostream@DU?$char_traits@D@std@@@std@@QEAA@PEAV?$basic_streambuf@DU?$char_traits@D@std@@@1@_N@Z 00000001800041c8 f i libcpmt:cout.obj
 0001:00003244       ??0?$basic_streambuf@DU?$char_traits@D@std@@@std@@IEAA@XZ 0000000180004244 f i libcpmt:cout.obj
 0001:000032f4       ??0_Init_cout@std@@QEAA@XZ 00000001800042f4 f i libcpmt:cout.obj
 0001:00003360       ??0bad_cast@std@@QEAA@AEBV01@@Z 0000000180004360 f i libcpmt:cout.obj
 0001:000033a0       ??0bad_cast@std@@QEAA@XZ   00000001800043a0 f i libcpmt:cout.obj
 0001:000033c0       ??0failure@ios_base@std@@QEAA@AEBV012@@Z 00000001800043c0 f i libcpmt:cout.obj
 0001:0000341c       ??1?$basic_filebuf@DU?$char_traits@D@std@@@std@@UEAA@XZ 000000018000441c f i libcpmt:cout.obj
 0001:000034b4       ??1?$basic_ios@DU?$char_traits@D@std@@@std@@UEAA@XZ 00000001800044b4 f i libcpmt:cout.obj
 0001:000034d8       ??1?$basic_streambuf@DU?$char_traits@D@std@@@std@@UEAA@XZ 00000001800044d8 f i libcpmt:cout.obj
 0001:00003540       ??1bad_array_new_length@std@@UEAA@XZ 0000000180004540 f i LIBCMT:throw_bad_alloc.obj
 0001:00003540       ??1bad_cast@std@@UEAA@XZ   0000000180004540 f i libcpmt:cout.obj
 0001:00003540       ??1length_error@std@@UEAA@XZ 0000000180004540 f i libcpmt:xthrow.obj
 0001:00003540       ??1bad_alloc@std@@UEAA@XZ  0000000180004540 f i libcpmt:xthrow.obj
 0001:00003540       ??1bad_exception@std@@UEAA@XZ 0000000180004540 f i libvcruntime:frame.obj
 0001:00003554       ??_E?$basic_ostream@DU?$char_traits@D@std@@@std@@$4PPPPPPPM@A@EAAPEAXI@Z 0000000180004554 f i libcpmt:cout.obj
 0001:00003560       ??_G?$basic_filebuf@DU?$char_traits@D@std@@@std@@UEAAPEAXI@Z 0000000180004560 f i libcpmt:cout.obj
 0001:00003560       ??_E?$basic_filebuf@DU?$char_traits@D@std@@@std@@UEAAPEAXI@Z 0000000180004560 f i libcpmt:cout.obj
 0001:00003594       ??_G?$basic_ios@DU?$char_traits@D@std@@@std@@UEAAPEAXI@Z 0000000180004594 f i libcpmt:cout.obj
 0001:00003594       ??_E?$basic_ios@DU?$char_traits@D@std@@@std@@UEAAPEAXI@Z 0000000180004594 f i libcpmt:cout.obj
 0001:000035e0       ??_E?$basic_ostream@DU?$char_traits@D@std@@@std@@UEAAPEAXI@Z 00000001800045e0 f i libcpmt:cout.obj
 0001:000035e0       ??_G?$basic_ostream@DU?$char_traits@D@std@@@std@@UEAAPEAXI@Z 00000001800045e0 f i libcpmt:cout.obj
 0001:00003650       ??_G?$basic_streambuf@DU?$char_traits@D@std@@@std@@UEAAPEAXI@Z 0000000180004650 f i libcpmt:cout.obj
 0001:00003650       ??_E?$basic_streambuf@DU?$char_traits@D@std@@@std@@UEAAPEAXI@Z 0000000180004650 f i libcpmt:cout.obj
 0001:00003684       ??_E?$codecvt@DDU_Mbstatet@@@std@@MEAAPEAXI@Z 0000000180004684 f i libcpmt:cout.obj
 0001:00003684       ??_G?$codecvt@DDU_Mbstatet@@@std@@MEAAPEAXI@Z 0000000180004684 f i libcpmt:cout.obj
 0001:000036b0       ??_Eios_base@std@@UEAAPEAXI@Z 00000001800046b0 f i libcpmt:cout.obj
 0001:000036b0       ??_Gios_base@std@@UEAAPEAXI@Z 00000001800046b0 f i libcpmt:cout.obj
 0001:000036fc       ?_Endwrite@?$basic_filebuf@DU?$char_traits@D@std@@@std@@IEAA_NXZ 00000001800046fc f i libcpmt:cout.obj
 0001:000037d4       ?_Getcat@?$codecvt@DDU_Mbstatet@@@std@@SA_KPEAPEBVfacet@locale@2@PEBV42@@Z 00000001800047d4 f i libcpmt:cout.obj
 0001:00003898       ?_Init@?$basic_filebuf@DU?$char_traits@D@std@@@std@@IEAAXPEAU_iobuf@@W4_Initfl@12@@Z 0000000180004898 f i libcpmt:cout.obj
 0001:00003984       ?_Init@ios_base@std@@IEAAXXZ 0000000180004984 f i libcpmt:cout.obj
 0001:00003a00       ?_Initcvt@?$basic_filebuf@DU?$char_traits@D@std@@@std@@IEAAXAEBV?$codecvt@DDU_Mbstatet@@@2@@Z 0000000180004a00 f i libcpmt:cout.obj
 0001:00003a90       ?_Lock@?$basic_filebuf@DU?$char_traits@D@std@@@std@@UEAAXXZ 0000000180004a90 f i libcpmt:cout.obj
 0001:00003aac       ?_Unlock@?$basic_filebuf@DU?$char_traits@D@std@@@std@@UEAAXXZ 0000000180004aac f i libcpmt:cout.obj
 0001:00003ac8       ?clear@ios_base@std@@QEAAXH@Z 0000000180004ac8 f i libcpmt:cout.obj
 0001:00003b34       __acrt_uninitialize_command_line 0000000180004b34 f i libucrt:argv_data.obj
 0001:00003b34       ?do_always_noconv@?$codecvt@DDU_Mbstatet@@@std@@MEBA_NXZ 0000000180004b34 f i libcpmt:cout.obj
 0001:00003b38       ?do_max_length@codecvt_base@std@@MEBAHXZ 0000000180004b38 f i libcpmt:cout.obj
 0001:00003b38       _get_startup_argv_mode     0000000180004b38 f i LIBCMT:argv_mode.obj
 0001:00003b38       DllMain                    0000000180004b38 f i LIBCMT:dll_dllmain_stub.obj
 0001:00003b38       ?do_encoding@codecvt_base@std@@MEBAHXZ 0000000180004b38 f i libcpmt:cout.obj
 0001:00003b40       ?do_in@?$codecvt@DDU_Mbstatet@@@std@@MEBAHAEAU_Mbstatet@@PEBD1AEAPEBDPEAD3AEAPEAD@Z 0000000180004b40 f i libcpmt:cout.obj
 0001:00003b40       ?do_out@?$codecvt@DDU_Mbstatet@@@std@@MEBAHAEAU_Mbstatet@@PEBD1AEAPEBDPEAD3AEAPEAD@Z 0000000180004b40 f i libcpmt:cout.obj
 0001:00003b5c       ?do_length@?$codecvt@DDU_Mbstatet@@@std@@MEBAHAEAU_Mbstatet@@PEBD1_K@Z 0000000180004b5c f i libcpmt:cout.obj
 0001:00003b6c       ?do_unshift@?$codecvt@DDU_Mbstatet@@@std@@MEBAHAEAU_Mbstatet@@PEAD1AEAPEAD@Z 0000000180004b6c f i libcpmt:cout.obj
 0001:00003b78       ?imbue@?$basic_filebuf@DU?$char_traits@D@std@@@std@@MEAAXAEBVlocale@2@@Z 0000000180004b78 f i libcpmt:cout.obj
 0001:00003b9c       ?init@?$basic_ios@DU?$char_traits@D@std@@@std@@IEAAXPEAV?$basic_streambuf@DU?$char_traits@D@std@@@2@_N@Z 0000000180004b9c f i libcpmt:cout.obj
 0001:00003c5c       ?overflow@?$basic_filebuf@DU?$char_traits@D@std@@@std@@MEAAHH@Z 0000000180004c5c f i libcpmt:cout.obj
 0001:00003de4       ?underflow@?$basic_streambuf@DU?$char_traits@D@std@@@std@@MEAAHXZ 0000000180004de4 f i libcpmt:cout.obj
 0001:00003de4       ?pbackfail@?$basic_streambuf@DU?$char_traits@D@std@@@std@@MEAAHH@Z 0000000180004de4 f i libcpmt:cout.obj
 0001:00003de4       ?overflow@?$basic_streambuf@DU?$char_traits@D@std@@@std@@MEAAHH@Z 0000000180004de4 f i libcpmt:cout.obj
 0001:00003de8       ?pbackfail@?$basic_filebuf@DU?$char_traits@D@std@@@std@@MEAAHH@Z 0000000180004de8 f i libcpmt:cout.obj
 0001:00003eb4       ?seekoff@?$basic_filebuf@DU?$char_traits@D@std@@@std@@MEAA?AV?$fpos@U_Mbstatet@@@2@_JHH@Z 0000000180004eb4 f i libcpmt:cout.obj
 0001:00003f98       ?seekoff@?$basic_streambuf@DU?$char_traits@D@std@@@std@@MEAA?AV?$fpos@U_Mbstatet@@@2@_JHH@Z 0000000180004f98 f i libcpmt:cout.obj
 0001:00003f98       ?seekpos@?$basic_streambuf@DU?$char_traits@D@std@@@std@@MEAA?AV?$fpos@U_Mbstatet@@@2@V32@H@Z 0000000180004f98 f i libcpmt:cout.obj
 0001:00003fac       ?seekpos@?$basic_filebuf@DU?$char_traits@D@std@@@std@@MEAA?AV?$fpos@U_Mbstatet@@@2@V32@H@Z 0000000180004fac f i libcpmt:cout.obj
 0001:00004068       ?setbuf@?$basic_filebuf@DU?$char_traits@D@std@@@std@@MEAAPEAV?$basic_streambuf@DU?$char_traits@D@std@@@2@PEAD_J@Z 0000000180005068 f i libcpmt:cout.obj
 0001:000040bc       ?setbuf@?$basic_streambuf@DU?$char_traits@D@std@@@std@@MEAAPEAV12@PEAD_J@Z 00000001800050bc f i libcpmt:cout.obj
 0001:000040c0       ?sync@?$basic_streambuf@DU?$char_traits@D@std@@@std@@MEAAHXZ 00000001800050c0 f i libcpmt:cout.obj
 0001:000040c0       ?showmanyc@?$basic_streambuf@DU?$char_traits@D@std@@@std@@MEAA_JXZ 00000001800050c0 f i libcpmt:cout.obj
 0001:000040c4       ?sync@?$basic_filebuf@DU?$char_traits@D@std@@@std@@MEAAHXZ 00000001800050c4 f i libcpmt:cout.obj
 0001:00004110       ?uflow@?$basic_filebuf@DU?$char_traits@D@std@@@std@@MEAAHXZ 0000000180005110 f i libcpmt:cout.obj
 0001:000043c8       ?uflow@?$basic_streambuf@DU?$char_traits@D@std@@@std@@MEAAHXZ 00000001800053c8 f i libcpmt:cout.obj
 0001:00004404       ?underflow@?$basic_filebuf@DU?$char_traits@D@std@@@std@@MEAAHXZ 0000000180005404 f i libcpmt:cout.obj
 0001:00004468       ?xsgetn@?$basic_filebuf@DU?$char_traits@D@std@@@std@@MEAA_JPEAD_J@Z 0000000180005468 f i libcpmt:cout.obj
 0001:00004568       ?xsgetn@?$basic_streambuf@DU?$char_traits@D@std@@@std@@MEAA_JPEAD_J@Z 0000000180005568 f i libcpmt:cout.obj
 0001:00004624       ?xsputn@?$basic_filebuf@DU?$char_traits@D@std@@@std@@MEAA_JPEBD_J@Z 0000000180005624 f i libcpmt:cout.obj
 0001:000046e8       ?xsputn@?$basic_streambuf@DU?$char_traits@D@std@@@std@@MEAA_JPEBD_J@Z 00000001800056e8 f i libcpmt:cout.obj
 0001:000047a8       ??1_Fac_tidy_reg_t@std@@QEAA@XZ 00000001800057a8 f i libcpmt:locale0.obj
 0001:00004810       ??4?$_Yarn@D@std@@QEAAAEAV01@PEBD@Z 0000000180005810 f i libcpmt:locale0.obj
 0001:00004888       ??_E_Locimp@locale@std@@MEAAPEAXI@Z 0000000180005888 f i libcpmt:locale0.obj
 0001:00004888       ??_G_Locimp@locale@std@@MEAAPEAXI@Z 0000000180005888 f i libcpmt:locale0.obj
 0001:000048f4       ?_Facet_Register@std@@YAXPEAV_Facet_base@1@@Z 00000001800058f4 f   libcpmt:locale0.obj
 0001:0000492c       ?_Getgloballocale@locale@std@@CAPEAV_Locimp@12@XZ 000000018000592c f   libcpmt:locale0.obj
 0001:00004934       ?_Init@locale@std@@CAPEAV_Locimp@12@_N@Z 0000000180005934 f   libcpmt:locale0.obj
 0001:000049e0       ?_Locimp_dtor@_Locimp@locale@std@@CAXPEAV123@@Z 00000001800059e0 f   libcpmt:locale0.obj
 0001:00004a68       ?_Locinfo_ctor@_Locinfo@std@@SAXPEAV12@PEBD@Z 0000000180005a68 f   libcpmt:locale0.obj
 0001:00004ad4       ?_Locinfo_dtor@_Locinfo@std@@SAXPEAV12@@Z 0000000180005ad4 f   libcpmt:locale0.obj
 0001:00004af0       ?_New_Locimp@_Locimp@locale@std@@CAPEAV123@_N@Z 0000000180005af0 f   libcpmt:locale0.obj
 0001:00004b60       ?_Setgloballocale@locale@std@@CAXPEAX@Z 0000000180005b60 f   libcpmt:locale0.obj
 0001:00004b94       _Deletegloballocale        0000000180005b94 f   libcpmt:locale0.obj
 0001:00004c04       ??0bad_alloc@std@@QEAA@AEBV01@@Z 0000000180005c04 f i libcpmt:xthrow.obj
 0001:00004c44       ??0bad_alloc@std@@QEAA@XZ  0000000180005c44 f i libcpmt:xthrow.obj
 0001:00004c64       ??0length_error@std@@QEAA@AEBV01@@Z 0000000180005c64 f i libcpmt:xthrow.obj
 0001:00004ca4       ??0length_error@std@@QEAA@PEBD@Z 0000000180005ca4 f i libcpmt:xthrow.obj
 0001:00004cf0       ??0logic_error@std@@QEAA@AEBV01@@Z 0000000180005cf0 f i libcpmt:xthrow.obj
 0001:00004d30       ?_Xlength_error@std@@YAXPEBD@Z 0000000180005d30 f   libcpmt:xthrow.obj
 0001:00004d54       ?_Syserror_map@std@@YAPEBDH@Z 0000000180005d54 f   libcpmt:syserror.obj
 0001:00004d7c       _Getctype                  0000000180005d7c f   libcpmt:_tolower.obj
 0001:00004e44       _Tolower                   0000000180005e44 f   libcpmt:_tolower.obj
 0001:00004f74       _Toupper                   0000000180005f74 f   libcpmt:_toupper.obj
 0001:000050b4       _Mtxdst                    00000001800060b4 f   libcpmt:xmtx.obj
 0001:000050bc       _Mtxinit                   00000001800060bc f   libcpmt:xmtx.obj
 0001:000050cc       _Mtxlock                   00000001800060cc f   libcpmt:xmtx.obj
 0001:000050d4       _Mtxunlock                 00000001800060d4 f   libcpmt:xmtx.obj
 0001:000055ac       __crtInitOnceExecuteOnce   00000001800065ac f   libcpmt:winapisupp.obj
 0001:00005678       __crtInitializeCriticalSectionEx 0000000180006678 f   libcpmt:winapisupp.obj
 0001:000056a8       ?_Addstd@ios_base@std@@SAXPEAV12@@Z 00000001800066a8 f   libcpmt:ios.obj
 0001:00005720       ?_Ios_base_dtor@ios_base@std@@CAXPEAV12@@Z 0000000180006720 f   libcpmt:ios.obj
 0001:000057a0       ?_Tidy@ios_base@std@@AEAAXXZ 00000001800067a0 f i libcpmt:ios.obj
 0001:00005820       ?_Atexit@@YAXP6AXXZ@Z      0000000180006820 f   libcpmt:iosptrs.obj
 0001:00005860       __local_stdio_printf_options 0000000180006860 f i libcpmt:locale.obj
 0001:00005868       __crtLCMapStringA          0000000180006868 f   libcpmt:StlLCMapStringA.obj
 0001:00005b1c       GetTableIndexFromLocaleName 0000000180006b1c f   libcpmt:winapinls.obj
 0001:00005bac       __crtDownlevelLocaleNameToLCID 0000000180006bac f   libcpmt:winapinls.obj
 0001:00005be0       __crtLCMapStringEx         0000000180006be0 f   libcpmt:winapinls.obj
 0001:00005c7c       __wcsnicmp_ascii           0000000180006c7c f   libcpmt:winapinls.obj
 0001:00005d00       __security_check_cookie    0000000180006d00 f   LIBCMT:amdsecgs.obj
 0001:00005d24       ??_V@YAXPEAX@Z             0000000180006d24 f   LIBCMT:delete_array.obj
 0001:00005d24       ??3@YAXPEAX_K@Z            0000000180006d24 f   LIBCMT:delete_scalar_size.obj
 0001:00005d2c       ??2@YAPEAX_K@Z             0000000180006d2c f   LIBCMT:new_scalar.obj
 0001:00005d68       __scrt_acquire_startup_lock 0000000180006d68 f   LIBCMT:utility.obj
 0001:00005da4       __scrt_dllmain_after_initialize_c 0000000180006da4 f   LIBCMT:utility.obj
 0001:00005dd8       __scrt_dllmain_before_initialize_c 0000000180006dd8 f   LIBCMT:utility.obj
 0001:00005df0       __scrt_dllmain_crt_thread_attach 0000000180006df0 f   LIBCMT:utility.obj
 0001:00005e18       __scrt_dllmain_crt_thread_detach 0000000180006e18 f   LIBCMT:utility.obj
 0001:00005e30       __scrt_dllmain_exception_filter 0000000180006e30 f   LIBCMT:utility.obj
 0001:00005e90       __scrt_dllmain_uninitialize_c 0000000180006e90 f   LIBCMT:utility.obj
 0001:00005ec0       __scrt_dllmain_uninitialize_critical 0000000180006ec0 f   LIBCMT:utility.obj
 0001:00005ed4       __scrt_initialize_crt      0000000180006ed4 f   LIBCMT:utility.obj
 0001:00005f20       __scrt_initialize_onexit_tables 0000000180006f20 f   LIBCMT:utility.obj
 0001:00005ff8       __scrt_is_nonwritable_in_current_image 0000000180006ff8 f   LIBCMT:utility.obj
 0001:00006094       __scrt_release_startup_lock 0000000180007094 f   LIBCMT:utility.obj
 0001:000060b8       __scrt_uninitialize_crt    00000001800070b8 f   LIBCMT:utility.obj
 0001:000060e4       _onexit                    00000001800070e4 f   LIBCMT:utility.obj
 0001:00006134       atexit                     0000000180007134 f   LIBCMT:utility.obj
 0001:0000647c       _DllMainCRTStartup         000000018000747c f   LIBCMT:dll_dllmain.obj
 0001:000064bc       __GSHandlerCheck           00000001800074bc f   LIBCMT:gshandler.obj
 0001:000064dc       __GSHandlerCheckCommon     00000001800074dc f   LIBCMT:gshandler.obj
 0001:00006538       __GSHandlerCheck_EH        0000000180007538 f   LIBCMT:gshandlereh.obj
 0001:000065b8       ??_Etype_info@@UEAAPEAXI@Z 00000001800075b8 f i LIBCMT:std_type_info_static.obj
 0001:000065b8       ??_Gtype_info@@UEAAPEAXI@Z 00000001800075b8 f i LIBCMT:std_type_info_static.obj
 0001:00006600       _alloca_probe              0000000180007600 f   LIBCMT:chkstk.obj
 0001:00006600       __chkstk                   0000000180007600 f   LIBCMT:chkstk.obj
 0001:00006654       __raise_securityfailure    0000000180007654 f   LIBCMT:gs_report.obj
 0001:00006688       __report_gsfailure         0000000180007688 f   LIBCMT:gs_report.obj
 0001:0000675c       __report_rangecheckfailure 000000018000775c f   LIBCMT:gs_report.obj
 0001:00006770       __report_securityfailure   0000000180007770 f   LIBCMT:gs_report.obj
 0001:000068f0       ??3@YAXPEAX@Z              00000001800078f0 f   LIBCMT:delete_scalar.obj
 0001:000068f8       ??0bad_array_new_length@std@@QEAA@AEBV01@@Z 00000001800078f8 f i LIBCMT:throw_bad_alloc.obj
 0001:00006938       ??0bad_array_new_length@std@@QEAA@XZ 0000000180007938 f i LIBCMT:throw_bad_alloc.obj
 0001:00006958       ?__scrt_throw_std_bad_alloc@@YAXXZ 0000000180007958 f   LIBCMT:throw_bad_alloc.obj
 0001:00006978       ?__scrt_throw_std_bad_array_new_length@@YAXXZ 0000000180007978 f   LIBCMT:throw_bad_alloc.obj
 0001:00006998       __isa_available_init       0000000180007998 f   LIBCMT:cpu_disp.obj
 0001:00006b14       __scrt_is_ucrt_dll_in_use  0000000180007b14 f   LIBCMT:ucrt_detection.obj
 0001:00006b20       __crt_debugger_hook        0000000180007b20 f   LIBCMT:utility_desktop.obj
 0001:00006b28       __scrt_fastfail            0000000180007b28 f   LIBCMT:utility_desktop.obj
 0001:00006c74       __security_init_cookie     0000000180007c74 f   LIBCMT:gs_support.obj
 0001:00006d20       ?__scrt_initialize_type_info@@YAXXZ 0000000180007d20 f   LIBCMT:tncleanup.obj
 0001:00006d30       ?__scrt_uninitialize_type_info@@YAXXZ 0000000180007d30 f   LIBCMT:tncleanup.obj
 0001:00006d3c       __local_stdio_scanf_options 0000000180007d3c f i LIBCMT:default_local_stdio_options.obj
 0001:00006d44       __scrt_initialize_default_local_stdio_options 0000000180007d44 f   LIBCMT:default_local_stdio_options.obj
 0001:00006d60       __scrt_get_dyn_tls_init_callback 0000000180007d60 f   LIBCMT:dyn_tls_init.obj
 0001:00006d68       _RTC_Initialize            0000000180007d68 f   LIBCMT:initsect.obj
 0001:00006da4       _RTC_Terminate             0000000180007da4 f   LIBCMT:initsect.obj
 0001:00006de0       _purecall                  0000000180007de0 f   libvcruntime:purevirt.obj
 0001:00006e10       __std_exception_copy       0000000180007e10 f   libvcruntime:std_exception.obj
 0001:00006ea0       __std_exception_destroy    0000000180007ea0 f   libvcruntime:std_exception.obj
 0001:00006ec8       _CxxThrowException         0000000180007ec8 f   libvcruntime:throw.obj
 0001:00006f88       ??$_CallSETranslator@V__FrameHandler3@@@@YAHPEAUEHExceptionRecord@@PEA_KPEAU_CONTEXT@@PEAU_xDISPATCHER_CONTEXT@@PEBU_s_FuncInfo@@K1@Z 0000000180007f88 f i libvcruntime:risctrnsctrl.obj
 0001:00006fdc       ?CatchTryBlock@__FrameHandler3@@SAPEBU_s_TryBlockMapEntry@@PEBU_s_FuncInfo@@H@Z 0000000180007fdc f   libvcruntime:risctrnsctrl.obj
 0001:00007034       ?ExecutionInCatch@__FrameHandler3@@SA_NPEAU_xDISPATCHER_CONTEXT@@PEBU_s_FuncInfo@@@Z 0000000180008034 f   libvcruntime:risctrnsctrl.obj
 0001:00007060       ?FrameUnwindToEmptyState@__FrameHandler3@@SAXPEA_KPEAU_xDISPATCHER_CONTEXT@@PEBU_s_FuncInfo@@@Z 0000000180008060 f   libvcruntime:risctrnsctrl.obj
 0001:000070c4       ?GetEstablisherFrame@__FrameHandler3@@SAPEA_KPEA_KPEAU_xDISPATCHER_CONTEXT@@PEBU_s_FuncInfo@@0@Z 00000001800080c4 f   libvcruntime:risctrnsctrl.obj
 0001:00007190       ?GetRangeOfTrysToCheck@__FrameHandler3@@SA?AU?$pair@Viterator@TryBlockMap@__FrameHandler3@@V123@@std@@AEAVTryBlockMap@1@HH@Z 0000000180008190 f   libvcruntime:risctrnsctrl.obj
 0001:000072ec       ?UnwindNestedFrames@__FrameHandler3@@SAXPEA_KPEAUEHExceptionRecord@@PEAU_CONTEXT@@0PEAXPEBU_s_FuncInfo@@HHPEBU_s_HandlerType@@PEAU_xDISPATCHER_CONTEXT@@E@Z 00000001800082ec f   libvcruntime:risctrnsctrl.obj
 0001:00007410       _CreateFrameInfo           0000000180008410 f   libvcruntime:risctrnsctrl.obj
 0001:0000744c       _FindAndUnlinkFrame        000000018000844c f   libvcruntime:risctrnsctrl.obj
 0001:000074a0       _GetImageBase              00000001800084a0 f   libvcruntime:risctrnsctrl.obj
 0001:000074b4       _GetThrowImageBase         00000001800084b4 f   libvcruntime:risctrnsctrl.obj
 0001:000074c8       _SetImageBase              00000001800084c8 f   libvcruntime:risctrnsctrl.obj
 0001:000074e0       _SetThrowImageBase         00000001800084e0 f   libvcruntime:risctrnsctrl.obj
 0001:000074f8       __CxxFrameHandler3         00000001800084f8 f   libvcruntime:risctrnsctrl.obj
 0001:00007590       memcpy_repmovs             0000000180008590 f   libvcruntime:memcpy.obj
 0001:000075b0       memcpy                     00000001800085b0 f   libvcruntime:memcpy.obj
 0001:000075b0       memmove                    00000001800085b0 f   libvcruntime:memcpy.obj
 0001:000079f0       memset_repmovs             00000001800089f0 f   libvcruntime:memset.obj
 0001:00007a10       memset                     0000000180008a10 f   libvcruntime:memset.obj
 0001:00007ba0       __DestructExceptionObject  0000000180008ba0 f   libvcruntime:ehhelpers.obj
 0001:00007c14       ?_CallMemberFunction0@@YAXQEAX0@Z 0000000180008c14 f i libvcruntime:ehhelpers.obj
 0001:00007c18       _IsExceptionObjectToBeDestroyed 0000000180008c18 f   libvcruntime:ehhelpers.obj
 0001:00007c48       __AdjustPointer            0000000180008c48 f   libvcruntime:ehhelpers.obj
 0001:00007c6c       __FrameUnwindFilter        0000000180008c6c f   libvcruntime:ehhelpers.obj
 0001:00007cb8       __std_terminate            0000000180008cb8 f   libvcruntime:ehhelpers.obj
 0001:00007ce0       memchr                     0000000180008ce0 f   libvcruntime:memchr.obj
 0001:00007d60       memcmp                     0000000180008d60 f   libvcruntime:memcmp.obj
 0001:00007e28       __vcrt_initialize          0000000180008e28 f   libvcruntime:initialization.obj
 0001:00007e5c       __vcrt_thread_attach       0000000180008e5c f   libvcruntime:initialization.obj
 0001:00007e70       __vcrt_thread_detach       0000000180008e70 f   libvcruntime:initialization.obj
 0001:00007e84       __vcrt_uninitialize        0000000180008e84 f   libvcruntime:initialization.obj
 0001:00007ea4       __vcrt_uninitialize_critical 0000000180008ea4 f   libvcruntime:initialization.obj
 0001:00007eb4       __C_specific_handler       0000000180008eb4 f   libvcruntime:riscchandler.obj
 0001:000080c0       __std_type_info_compare    00000001800090c0 f   libvcruntime:std_type_info.obj
 0001:000080e8       __std_type_info_destroy_list 00000001800090e8 f   libvcruntime:std_type_info.obj
 0001:00008114       __vcrt_initialize_pure_virtual_call_handler 0000000180009114 f   libvcruntime:purevirt_data.obj
 0001:00008124       __vcrt_freefls             0000000180009124 f   libvcruntime:per_thread_data.obj
 0001:00008144       __vcrt_freeptd             0000000180009144 f   libvcruntime:per_thread_data.obj
 0001:00008194       __vcrt_getptd              0000000180009194 f   libvcruntime:per_thread_data.obj
 0001:000081b0       __vcrt_getptd_noexit       00000001800091b0 f   libvcruntime:per_thread_data.obj
 0001:0000827c       __vcrt_initialize_ptd      000000018000927c f   libvcruntime:per_thread_data.obj
 0001:000082d0       __vcrt_uninitialize_ptd    00000001800092d0 f   libvcruntime:per_thread_data.obj
 0001:000082f4       ?GetCurrentState@__FrameHandler3@@SAHPEA_KPEAU_xDISPATCHER_CONTEXT@@PEBU_s_FuncInfo@@@Z 00000001800092f4 f   libvcruntime:ehstate.obj
 0001:0000831c       ?GetUnwindTryBlock@__FrameHandler3@@SAHPEA_KPEAU_xDISPATCHER_CONTEXT@@PEBU_s_FuncInfo@@@Z 000000018000931c f   libvcruntime:ehstate.obj
 0001:00008348       ?SetState@__FrameHandler3@@SAXPEA_KPEBU_s_FuncInfo@@H@Z 0000000180009348 f   libvcruntime:ehstate.obj
 0001:00008354       ?SetUnwindTryBlock@__FrameHandler3@@SAXPEA_KPEAU_xDISPATCHER_CONTEXT@@PEBU_s_FuncInfo@@H@Z 0000000180009354 f   libvcruntime:ehstate.obj
 0001:00008390       ?StateFromControlPc@__FrameHandler3@@SAHPEBU_s_FuncInfo@@PEAU_xDISPATCHER_CONTEXT@@@Z 0000000180009390 f   libvcruntime:ehstate.obj
 0001:00008398       ?StateFromIp@__FrameHandler3@@SAHPEBU_s_FuncInfo@@PEAU_xDISPATCHER_CONTEXT@@_K@Z 0000000180009398 f   libvcruntime:ehstate.obj
 0001:00008e24       ??$TypeMatchHelper@V__FrameHandler3@@@@YAHPEBU_s_HandlerType@@PEBU_s_CatchableType@@PEBU_s_ThrowInfo@@@Z 0000000180009e24 f i libvcruntime:frame.obj
 0001:00008f68       ??$__InternalCxxFrameHandler@V__FrameHandler3@@@@YA?AW4_EXCEPTION_DISPOSITION@@PEAUEHExceptionRecord@@PEA_KPEAU_CONTEXT@@PEAU_xDISPATCHER_CONTEXT@@PEBU_s_FuncInfo@@H1E@Z 0000000180009f68 f i libvcruntime:frame.obj
 0001:000091b0       ??0bad_exception@std@@QEAA@AEBV01@@Z 000000018000a1b0 f i libvcruntime:frame.obj
 0001:000091f0       ??0bad_exception@std@@QEAA@XZ 000000018000a1f0 f i libvcruntime:frame.obj
 0001:00009210       ?CxxCallCatchBlock@__FrameHandler3@@SAPEAXPEAU_EXCEPTION_RECORD@@@Z 000000018000a210 f   libvcruntime:frame.obj
 0001:00009484       ?FrameUnwindToState@__FrameHandler3@@SAXPEA_KPEAU_xDISPATCHER_CONTEXT@@PEBU_s_FuncInfo@@H@Z 000000018000a484 f   libvcruntime:frame.obj
 0001:00009618       ?GetHandlerSearchState@__FrameHandler3@@SAHPEA_KPEAU_xDISPATCHER_CONTEXT@@PEBU_s_FuncInfo@@@Z 000000018000a618 f i libvcruntime:frame.obj
 0001:0000981c       ?_CallMemberFunction1@@YAXQEAX00@Z 000000018000a81c f i libvcruntime:frame.obj
 0001:00009828       ?_CallMemberFunction2@@YAXQEAX00H@Z 000000018000a828 f i libvcruntime:frame.obj
 0001:00009838       __vcrt_initialize_locks    000000018000a838 f   libvcruntime:locks.obj
 0001:00009880       __vcrt_uninitialize_locks  000000018000a880 f   libvcruntime:locks.obj
 0001:00009a90       __vcrt_FlsAlloc            000000018000aa90 f   libvcruntime:winapi_downlevel.obj
 0001:00009ad8       __vcrt_FlsFree             000000018000aad8 f   libvcruntime:winapi_downlevel.obj
 0001:00009b20       __vcrt_FlsGetValue         000000018000ab20 f   libvcruntime:winapi_downlevel.obj
 0001:00009b68       __vcrt_FlsSetValue         000000018000ab68 f   libvcruntime:winapi_downlevel.obj
 0001:00009bbc       __vcrt_InitializeCriticalSectionEx 000000018000abbc f   libvcruntime:winapi_downlevel.obj
 0001:00009c20       __vcrt_initialize_winapi_thunks 000000018000ac20 f   libvcruntime:winapi_downlevel.obj
 0001:00009c50       __vcrt_uninitialize_winapi_thunks 000000018000ac50 f   libvcruntime:winapi_downlevel.obj
 0001:00009ca0       _NLG_Notify                000000018000aca0 f   libvcruntime:notify.obj
 0001:00009cc0       __NLG_Dispatch2            000000018000acc0 f   libvcruntime:notify.obj
 0001:00009cd0       __NLG_Return2              000000018000acd0 f   libvcruntime:notify.obj
 0001:00009cd4       __except_validate_context_record 000000018000acd4 f   libvcruntime:jbcxrval.obj
 0001:00009d20       _CallSettingFrame          000000018000ad20 f   libvcruntime:handlers.obj
 0001:00009d70       _CallSettingFrameEncoded   000000018000ad70 f   libvcruntime:handlers.obj
 0001:00009db8       abort                      000000018000adb8 f   libucrt:abort.obj
 0001:00009e10       __acrt_call_reportfault    000000018000ae10 f   libucrt:invalid_parameter.obj
 0001:00009f6c       __acrt_initialize_invalid_parameter_handler 000000018000af6c f   libucrt:invalid_parameter.obj
 0001:00009f74       _invalid_parameter         000000018000af74 f   libucrt:invalid_parameter.obj
 0001:0000a024       _invalid_parameter_noinfo  000000018000b024 f   libucrt:invalid_parameter.obj
 0001:0000a044       _invalid_parameter_noinfo_noreturn 000000018000b044 f   libucrt:invalid_parameter.obj
 0001:0000a074       _invoke_watson             000000018000b074 f   libucrt:invalid_parameter.obj
 0001:0000a0bc       free                       000000018000b0bc f   libucrt:free.obj
 0001:0000a7e8       ??$ftprintf@PEAU_iobuf@@PEB_WAEBQEB_WAEBQEB_WAEBI@?$__crt_char_traits@_W@@SAH$$QEAPEAU_iobuf@@$$QEAPEB_WAEBQEB_W2AEBI@Z 000000018000b7e8 f i libucrt:assert.obj
 0001:0000a810       _wassert                   000000018000b810 f   libucrt:assert.obj
 0001:0000a884       fwprintf                   000000018000b884 f i libucrt:assert.obj
 0001:0000a8c8       swprintf                   000000018000b8c8 f i libucrt:assert.obj
 0001:0000a91c       ??0_LocaleUpdate@@QEAA@QEAU__crt_locale_pointers@@@Z 000000018000b91c f i libucrt:stricmp.obj
 0001:0000a9b8       ??1_LocaleUpdate@@QEAA@XZ  000000018000b9b8 f i libucrt:stricmp.obj
 0001:0000a9cc       __ascii_stricmp            000000018000b9cc f   libucrt:stricmp.obj
 0001:0000aa0c       _stricmp                   000000018000ba0c f   libucrt:stricmp.obj
 0001:0000aa54       _stricmp_l                 000000018000ba54 f   libucrt:stricmp.obj
 0001:0000ab08       __acrt_initialize_locks    000000018000bb08 f   libucrt:locks.obj
 0001:0000ab50       __acrt_lock                000000018000bb50 f   libucrt:locks.obj
 0001:0000ab6c       __acrt_uninitialize_locks  000000018000bb6c f   libucrt:locks.obj
 0001:0000aba4       __acrt_unlock              000000018000bba4 f   libucrt:locks.obj
 0001:0000abc0       _lock_locales              000000018000bbc0 f   libucrt:locks.obj
 0001:0000abdc       _unlock_locales            000000018000bbdc f   libucrt:locks.obj
 0001:0000abec       terminate                  000000018000bbec f   libucrt:terminate.obj
 0001:0000ac0c       __acrt_initialize_stdio    000000018000bc0c f   libucrt:_file.obj
 0001:0000ad2c       __acrt_iob_func            000000018000bd2c f   libucrt:_file.obj
 0001:0000ad40       __acrt_uninitialize_stdio  000000018000bd40 f   libucrt:_file.obj
 0001:0000ad9c       _get_stream_buffer_pointers 000000018000bd9c f   libucrt:_file.obj
 0001:0000ade4       _lock_file                 000000018000bde4 f   libucrt:_file.obj
 0001:0000adf0       _unlock_file               000000018000bdf0 f   libucrt:_file.obj
 0001:0000adfc       _fclose_nolock             000000018000bdfc f   libucrt:fclose.obj
 0001:0000ae80       fclose                     000000018000be80 f   libucrt:fclose.obj
 0001:0000b100       __acrt_stdio_flush_nolock  000000018000c100 f   libucrt:fflush.obj
 0001:0000b17c       _fflush_nolock             000000018000c17c f   libucrt:fflush.obj
 0001:0000b1c8       _flushall                  000000018000c1c8 f   libucrt:fflush.obj
 0001:0000b1d0       fflush                     000000018000c1d0 f   libucrt:fflush.obj
 0001:0000b238       _fgetc_nolock              000000018000c238 f   libucrt:fgetc.obj
 0001:0000b27c       fgetc                      000000018000c27c f   libucrt:fgetc.obj
 0001:0000b384       fgetpos                    000000018000c384 f   libucrt:fgetpos.obj
 0001:0000b3d0       _fputc_nolock              000000018000c3d0 f   libucrt:fputc.obj
 0001:0000b3e8       fputc                      000000018000c3e8 f   libucrt:fputc.obj
 0001:0000b50c       _fread_nolock_s            000000018000c50c f   libucrt:fread.obj
 0001:0000b79c       fread                      000000018000c79c f   libucrt:fread.obj
 0001:0000b7bc       fread_s                    000000018000c7bc f   libucrt:fread.obj
 0001:0000b864       fsetpos                    000000018000c864 f   libucrt:fsetpos.obj
 0001:0000baa4       _fseeki64                  000000018000caa4 f   libucrt:fseek.obj
 0001:0000bb50       _fwrite_nolock             000000018000cb50 f   libucrt:fwrite.obj
 0001:0000bcfc       fwrite                     000000018000ccfc f   libucrt:fwrite.obj
 0001:0000bea0       setvbuf                    000000018000cea0 f   libucrt:setvbuf.obj
 0001:0000bf3c       _ungetc_nolock             000000018000cf3c f   libucrt:ungetc.obj
 0001:0000c064       ungetc                     000000018000d064 f   libucrt:ungetc.obj
 0001:0000c0bc       malloc                     000000018000d0bc f   libucrt:malloc.obj
 0001:0000c3a4       setlocale                  000000018000d3a4 f   libucrt:setlocale.obj
 0001:0000c3f0       calloc                     000000018000d3f0 f   libucrt:calloc.obj
 0001:0000c3f8       __pctype_func              000000018000d3f8 f   libucrt:ctype.obj
 0001:0000c428       isdigit                    000000018000d428 f i libucrt:_ctype.obj
 0001:0000c4bc       islower                    000000018000d4bc f i libucrt:_ctype.obj
 0001:0000c550       isupper                    000000018000d550 f i libucrt:_ctype.obj
 0001:0000c5e4       _wcsdup                    000000018000d5e4 f   libucrt:wcsdup.obj
 0001:0000c668       ___lc_codepage_func        000000018000d668 f   libucrt:initctype.obj
 0001:0000c698       ___lc_locale_name_func     000000018000d698 f   libucrt:initctype.obj
 0001:0000c6cc       __acrt_locale_initialize_ctype 000000018000d6cc f   libucrt:initctype.obj
 0001:0000cd1c       __acrt_errno_from_os_error 000000018000dd1c f   libucrt:errno.obj
 0001:0000cd64       __acrt_errno_map_os_error  000000018000dd64 f   libucrt:errno.obj
 0001:0000cdb4       __doserrno                 000000018000ddb4 f   libucrt:errno.obj
 0001:0000cdd4       _errno                     000000018000ddd4 f   libucrt:errno.obj
 0001:0000ce00       ?divide@__crt_strtox@@YA_KAEAUbig_integer@1@AEBU21@@Z 000000018000de00 f i libucrt:strtod.obj
 0001:0000d4c8       ??$ensure_buffer_is_big_enough@D@formatting_buffer@__crt_stdio_output@@QEAA_N_K@Z 000000018000e4c8 f i libucrt:output.obj
 0001:0000d570       ??$ensure_buffer_is_big_enough@_W@formatting_buffer@__crt_stdio_output@@QEAA_N_K@Z 000000018000e570 f i libucrt:output.obj
 0001:0000d61c       ??$is_wide_character_specifier@_W@__crt_stdio_output@@YA_N_K_WW4length_modifier@0@@Z 000000018000e61c f i libucrt:output.obj
 0001:0000d65c       ??$type_case_integer_parse_into_buffer@I@?$output_processor@_WV?$string_output_adapter@_W@__crt_stdio_output@@V?$standard_base@_WV?$string_output_adapter@_W@__crt_stdio_output@@@2@@__crt_stdio_output@@AEAAXII_N@Z 000000018000e65c f i libucrt:output.obj
 0001:0000d65c       ??$type_case_integer_parse_into_buffer@I@?$output_processor@_WV?$stream_output_adapter@_W@__crt_stdio_output@@V?$standard_base@_WV?$stream_output_adapter@_W@__crt_stdio_output@@@2@@__crt_stdio_output@@AEAAXII_N@Z 000000018000e65c f i libucrt:output.obj
 0001:0000d700       ??$type_case_integer_parse_into_buffer@_K@?$output_processor@_WV?$string_output_adapter@_W@__crt_stdio_output@@V?$standard_base@_WV?$string_output_adapter@_W@__crt_stdio_output@@@2@@__crt_stdio_output@@AEAAX_KI_N@Z 000000018000e700 f i libucrt:output.obj
 0001:0000d700       ??$type_case_integer_parse_into_buffer@_K@?$output_processor@_WV?$stream_output_adapter@_W@__crt_stdio_output@@V?$standard_base@_WV?$stream_output_adapter@_W@__crt_stdio_output@@@2@@__crt_stdio_output@@AEAAX_KI_N@Z 000000018000e700 f i libucrt:output.obj
 0001:0000d7a4       ??$write_multiple_characters@V?$stream_output_adapter@_W@__crt_stdio_output@@D@__crt_stdio_output@@YAXAEBV?$stream_output_adapter@_W@0@DHQEAH@Z 000000018000e7a4 f i libucrt:output.obj
 0001:0000d838       ??$write_multiple_characters@V?$string_output_adapter@_W@__crt_stdio_output@@D@__crt_stdio_output@@YAXAEBV?$string_output_adapter@_W@0@DHQEAH@Z 000000018000e838 f i libucrt:output.obj
 0001:0000d9e8       ?crop_zeroes@__crt_stdio_output@@YAXPEADQEAU__crt_locale_pointers@@@Z 000000018000e9e8 f i libucrt:output.obj
 0001:0000da54       ?force_decimal_point@__crt_stdio_output@@YAXPEADQEAU__crt_locale_pointers@@@Z 000000018000ea54 f i libucrt:output.obj
 0001:0000dac4       ?parse_int_from_format_string@?$output_processor@_WV?$stream_output_adapter@_W@__crt_stdio_output@@V?$standard_base@_WV?$stream_output_adapter@_W@__crt_stdio_output@@@2@@__crt_stdio_output@@AEAA_NQEAH@Z 000000018000eac4 f i libucrt:output.obj
 0001:0000dac4       ?parse_int_from_format_string@?$output_processor@_WV?$string_output_adapter@_W@__crt_stdio_output@@V?$standard_base@_WV?$string_output_adapter@_W@__crt_stdio_output@@@2@@__crt_stdio_output@@AEAA_NQEAH@Z 000000018000eac4 f i libucrt:output.obj
 0001:0000db68       ?process@?$output_processor@_WV?$stream_output_adapter@_W@__crt_stdio_output@@V?$standard_base@_WV?$stream_output_adapter@_W@__crt_stdio_output@@@2@@__crt_stdio_output@@QEAAHXZ 000000018000eb68 f i libucrt:output.obj
 0001:0000ddd4       ?process@?$output_processor@_WV?$string_output_adapter@_W@__crt_stdio_output@@V?$standard_base@_WV?$string_output_adapter@_W@__crt_stdio_output@@@2@@__crt_stdio_output@@QEAAHXZ 000000018000edd4 f i libucrt:output.obj
 0001:0000e050       ?state_case_size@?$output_processor@_WV?$stream_output_adapter@_W@__crt_stdio_output@@V?$standard_base@_WV?$stream_output_adapter@_W@__crt_stdio_output@@@2@@__crt_stdio_output@@AEAA_NXZ 000000018000f050 f i libucrt:output.obj
 0001:0000e1e8       ?state_case_size@?$output_processor@_WV?$string_output_adapter@_W@__crt_stdio_output@@V?$standard_base@_WV?$string_output_adapter@_W@__crt_stdio_output@@@2@@__crt_stdio_output@@AEAA_NXZ 000000018000f1e8 f i libucrt:output.obj
 0001:0000e380       ?state_case_type@?$output_processor@_WV?$stream_output_adapter@_W@__crt_stdio_output@@V?$standard_base@_WV?$stream_output_adapter@_W@__crt_stdio_output@@@2@@__crt_stdio_output@@AEAA_NXZ 000000018000f380 f i libucrt:output.obj
 0001:0000e660       ?state_case_type@?$output_processor@_WV?$string_output_adapter@_W@__crt_stdio_output@@V?$standard_base@_WV?$string_output_adapter@_W@__crt_stdio_output@@@2@@__crt_stdio_output@@AEAA_NXZ 000000018000f660 f i libucrt:output.obj
 0001:0000e92c       ?type_case_Z@?$output_processor@_WV?$stream_output_adapter@_W@__crt_stdio_output@@V?$standard_base@_WV?$stream_output_adapter@_W@__crt_stdio_output@@@2@@__crt_stdio_output@@AEAA_NXZ 000000018000f92c f i libucrt:output.obj
 0001:0000e92c       ?type_case_Z@?$output_processor@_WV?$string_output_adapter@_W@__crt_stdio_output@@V?$standard_base@_WV?$string_output_adapter@_W@__crt_stdio_output@@@2@@__crt_stdio_output@@AEAA_NXZ 000000018000f92c f i libucrt:output.obj
 0001:0000e9a8       ?type_case_a@?$output_processor@_WV?$stream_output_adapter@_W@__crt_stdio_output@@V?$standard_base@_WV?$stream_output_adapter@_W@__crt_stdio_output@@@2@@__crt_stdio_output@@AEAA_NXZ 000000018000f9a8 f i libucrt:output.obj
 0001:0000e9a8       ?type_case_a@?$output_processor@_WV?$string_output_adapter@_W@__crt_stdio_output@@V?$standard_base@_WV?$string_output_adapter@_W@__crt_stdio_output@@@2@@__crt_stdio_output@@AEAA_NXZ 000000018000f9a8 f i libucrt:output.obj
 0001:0000eb88       ?type_case_c_tchar@?$output_processor@_WV?$string_output_adapter@_W@__crt_stdio_output@@V?$standard_base@_WV?$string_output_adapter@_W@__crt_stdio_output@@@2@@__crt_stdio_output@@AEAA_N_W@Z 000000018000fb88 f i libucrt:output.obj
 0001:0000eb88       ?type_case_c_tchar@?$output_processor@_WV?$stream_output_adapter@_W@__crt_stdio_output@@V?$standard_base@_WV?$stream_output_adapter@_W@__crt_stdio_output@@@2@@__crt_stdio_output@@AEAA_N_W@Z 000000018000fb88 f i libucrt:output.obj
 0001:0000ec30       ?type_case_integer@?$output_processor@_WV?$string_output_adapter@_W@__crt_stdio_output@@V?$standard_base@_WV?$string_output_adapter@_W@__crt_stdio_output@@@2@@__crt_stdio_output@@AEAA_NI_N@Z 000000018000fc30 f i libucrt:output.obj
 0001:0000ec30       ?type_case_integer@?$output_processor@_WV?$stream_output_adapter@_W@__crt_stdio_output@@V?$standard_base@_WV?$stream_output_adapter@_W@__crt_stdio_output@@@2@@__crt_stdio_output@@AEAA_NI_N@Z 000000018000fc30 f i libucrt:output.obj
 0001:0000edfc       ?type_case_n@?$output_processor@_WV?$string_output_adapter@_W@__crt_stdio_output@@V?$standard_base@_WV?$string_output_adapter@_W@__crt_stdio_output@@@2@@__crt_stdio_output@@AEAA_NXZ 000000018000fdfc f i libucrt:output.obj
 0001:0000edfc       ?type_case_n@?$output_processor@_WV?$stream_output_adapter@_W@__crt_stdio_output@@V?$standard_base@_WV?$stream_output_adapter@_W@__crt_stdio_output@@@2@@__crt_stdio_output@@AEAA_NXZ 000000018000fdfc f i libucrt:output.obj
 0001:0000eed8       ?type_case_s@?$output_processor@_WV?$stream_output_adapter@_W@__crt_stdio_output@@V?$standard_base@_WV?$stream_output_adapter@_W@__crt_stdio_output@@@2@@__crt_stdio_output@@AEAA_NXZ 000000018000fed8 f i libucrt:output.obj
 0001:0000eed8       ?type_case_s@?$output_processor@_WV?$string_output_adapter@_W@__crt_stdio_output@@V?$standard_base@_WV?$string_output_adapter@_W@__crt_stdio_output@@@2@@__crt_stdio_output@@AEAA_NXZ 000000018000fed8 f i libucrt:output.obj
 0001:0000efa0       ?write_stored_string_tchar@?$output_processor@_WV?$stream_output_adapter@_W@__crt_stdio_output@@V?$standard_base@_WV?$stream_output_adapter@_W@__crt_stdio_output@@@2@@__crt_stdio_output@@AEAA_N_W@Z 000000018000ffa0 f i libucrt:output.obj
 0001:0000f0a8       ?write_stored_string_tchar@?$output_processor@_WV?$string_output_adapter@_W@__crt_stdio_output@@V?$standard_base@_WV?$string_output_adapter@_W@__crt_stdio_output@@@2@@__crt_stdio_output@@AEAA_N_W@Z 00000001800100a8 f i libucrt:output.obj
 0001:0000f194       ?write_string@?$string_output_adapter@_W@__crt_stdio_output@@QEBAXQEB_WHQEAHAEAV__crt_deferred_errno_cache@@@Z 0000000180010194 f i libucrt:output.obj
 0001:0000f23c       ?write_string_impl@?$output_adapter_common@_WV?$stream_output_adapter@_W@__crt_stdio_output@@@__crt_stdio_output@@IEBAXQEB_WHQEAHAEAV__crt_deferred_errno_cache@@@Z 000000018001023c f i libucrt:output.obj
 0001:0000f340       __stdio_common_vfwprintf   0000000180010340 f   libucrt:output.obj
 0001:0000f3cc       __stdio_common_vswprintf   00000001800103cc f   libucrt:output.obj
 0001:0000f3e0       pow                        00000001800103e0 f   libucrt:pow.obj
 0001:00010a80       powf                       0000000180011a80 f   libucrt:powf.obj
 0001:00011948       __strncnt                  0000000180012948 f   libucrt:strncnt.obj
 0001:00011960       ??$__acrt_mbs_to_wcs_cp@U__crt_win32_buffer_internal_dynamic_resizing@@@@YAHQEBDAEAV?$__crt_win32_buffer@_WU__crt_win32_buffer_internal_dynamic_resizing@@@@I@Z 0000000180012960 f i libucrt:strftime.obj
 0001:00011ad8       ??$__acrt_wcs_to_mbs_cp@U__crt_win32_buffer_no_resizing@@@@YAHQEB_WAEAV?$__crt_win32_buffer@DU__crt_win32_buffer_no_resizing@@@@I@Z 0000000180012ad8 f i libucrt:strftime.obj
 0001:00011c4c       _tolower_l                 0000000180012c4c f   libucrt:tolower_toupper.obj
 0001:00011d8c       tolower                    0000000180012d8c f   libucrt:tolower_toupper.obj
 0001:00011db8       wcscpy_s                   0000000180012db8 f   libucrt:wcscpy_s.obj
 0001:00011e20       wcsnlen                    0000000180012e20 f   libucrt:strnlen.obj
 0001:00011ff8       __acrt_initialize_new_handler 0000000180012ff8 f   libucrt:new_handler.obj
 0001:00012000       _callnewh                  0000000180013000 f   libucrt:new_handler.obj
 0001:00012030       _query_new_handler         0000000180013030 f   libucrt:new_handler.obj
 0001:00012064       _seh_filter_dll            0000000180013064 f   libucrt:exception_filter.obj
 0001:00012078       _seh_filter_exe            0000000180013078 f   libucrt:exception_filter.obj
 0001:00012468       __acrt_initialize_thread_local_exit_callback 0000000180013468 f   libucrt:exit.obj
 0001:00012470       _cexit                     0000000180013470 f   libucrt:exit.obj
 0001:00012480       _exit                      0000000180013480 f   libucrt:exit.obj
 0001:0001248c       _is_c_termination_complete 000000018001348c f   libucrt:exit.obj
 0001:00012658       __acrt_allocate_buffer_for_argv 0000000180013658 f   libucrt:argv_parsing.obj
 0001:000126b8       _configure_narrow_argv     00000001800136b8 f   libucrt:argv_parsing.obj
 0001:00012a30       __dcrt_uninitialize_environments_nolock 0000000180013a30 f   libucrt:environment_initialization.obj
 0001:00012a68       _initialize_narrow_environment 0000000180013a68 f   libucrt:environment_initialization.obj
 0001:00012db0       _crt_atexit                0000000180013db0 f   libucrt:onexit.obj
 0001:00012dc0       _execute_onexit_table      0000000180013dc0 f   libucrt:onexit.obj
 0001:00012dfc       _initialize_onexit_table   0000000180013dfc f   libucrt:onexit.obj
 0001:00012e24       _register_onexit_function  0000000180013e24 f   libucrt:onexit.obj
 0001:00012f98       __acrt_initialize          0000000180013f98 f   libucrt:initialization.obj
 0001:00012fac       __acrt_thread_attach       0000000180013fac f   libucrt:initialization.obj
 0001:00012fc0       __acrt_thread_detach       0000000180013fc0 f   libucrt:initialization.obj
 0001:00012fd0       __acrt_uninitialize        0000000180013fd0 f   libucrt:initialization.obj
 0001:00013008       __acrt_uninitialize_critical 0000000180014008 f   libucrt:initialization.obj
 0001:00013018       _initterm                  0000000180014018 f   libucrt:initterm.obj
 0001:0001307c       _initterm_e                000000018001407c f   libucrt:initterm.obj
 0001:000130bc       strcpy_s                   00000001800140bc f   libucrt:strcpy_s.obj
 0001:0001311c       wcsncmp                    000000018001411c f   libucrt:wcsncmp.obj
 0001:00013148       ??$parse_integer@KV?$c_string_character_source@_W@__crt_strtox@@@__crt_strtox@@YAKQEAU__crt_locale_pointers@@V?$c_string_character_source@_W@0@H_N@Z 0000000180014148 f i libucrt:atox.obj
 0001:000137fc       _wtol                      00000001800147fc f   libucrt:atox.obj
 0001:00013840       strncmp                    0000000180014840 f   libucrt:strncmp.obj
 0001:00013908       __acrt_get_sigabrt_handler 0000000180014908 f   libucrt:signal.obj
 0001:00013938       __acrt_initialize_signal_handlers 0000000180014938 f   libucrt:signal.obj
 0001:00013958       raise                      0000000180014958 f   libucrt:signal.obj
 0001:00013f3c       __acrt_freeptd             0000000180014f3c f   libucrt:per_thread_data.obj
 0001:00013f80       __acrt_getptd              0000000180014f80 f   libucrt:per_thread_data.obj
 0001:00014054       __acrt_getptd_head         0000000180015054 f   libucrt:per_thread_data.obj
 0001:000140fc       __acrt_getptd_noexit       00000001800150fc f   libucrt:per_thread_data.obj
 0001:000141c8       __acrt_initialize_ptd      00000001800151c8 f   libucrt:per_thread_data.obj
 0001:00014204       __acrt_uninitialize_ptd    0000000180015204 f   libucrt:per_thread_data.obj
 0001:00014228       _free_base                 0000000180015228 f   libucrt:free_base.obj
 0001:00014268       _query_app_type            0000000180015268 f   libucrt:report_runtime_error.obj
 0001:000143b0       _itow_s                    00000001800153b0 f   libucrt:xtoa.obj
 0001:000143d0       _set_error_mode            00000001800153d0 f   libucrt:set_error_mode.obj
 0001:00014410       wcscat_s                   0000000180015410 f   libucrt:wcscat_s.obj
 0001:00014490       wcsncat_s                  0000000180015490 f   libucrt:wcsncat_s.obj
 0001:00014590       __acrt_GetModuleFileNameA  0000000180015590 f   libucrt:getmodulefilenamea.obj
 0001:000146b0       __acrt_show_wide_message_box 00000001800156b0 f   libucrt:crtmbox.obj
 0001:00014754       __acrt_update_locale_info  0000000180015754 f   libucrt:locale_update.obj
 0001:00014788       __acrt_update_multibyte_info 0000000180015788 f   libucrt:locale_update.obj
 0001:00014a24       __acrt_copy_locale_name    0000000180015a24 f   libucrt:wsetlocale.obj
 0001:00014aa8       __acrt_set_locale_changed  0000000180015aa8 f   libucrt:wsetlocale.obj
 0001:00014ab4       __acrt_uninitialize_locale 0000000180015ab4 f   libucrt:wsetlocale.obj
 0001:00014ae4       __lc_lctowcs               0000000180015ae4 f   libucrt:wsetlocale.obj
 0001:00014b88       __lc_wcstolc               0000000180015b88 f   libucrt:wsetlocale.obj
 0001:00014dc4       _expandlocale              0000000180015dc4 f   libucrt:wsetlocale.obj
 0001:000151a8       _wcscats                   00000001800161a8 f   libucrt:wsetlocale.obj
 0001:00015210       _wsetlocale                0000000180016210 f   libucrt:wsetlocale.obj
 0001:00015d04       __acrt_AppPolicyGetProcessTerminationMethodInternal 0000000180016d04 f   libucrt:winapi_thunks.obj
 0001:00015d54       __acrt_AppPolicyGetShowDeveloperDiagnosticInternal 0000000180016d54 f   libucrt:winapi_thunks.obj
 0001:00015da4       __acrt_AppPolicyGetWindowingModelInternal 0000000180016da4 f   libucrt:winapi_thunks.obj
 0001:00015df4       __acrt_AreFileApisANSI     0000000180016df4 f   libucrt:winapi_thunks.obj
 0001:00015e30       __acrt_EnumSystemLocalesEx 0000000180016e30 f   libucrt:winapi_thunks.obj
 0001:00015ec8       __acrt_FlsAlloc            0000000180016ec8 f   libucrt:winapi_thunks.obj
 0001:00015f10       __acrt_FlsFree             0000000180016f10 f   libucrt:winapi_thunks.obj
 0001:00015f58       __acrt_FlsGetValue         0000000180016f58 f   libucrt:winapi_thunks.obj
 0001:00015fa0       __acrt_FlsSetValue         0000000180016fa0 f   libucrt:winapi_thunks.obj
 0001:00015ff4       __acrt_GetLocaleInfoEx     0000000180016ff4 f   libucrt:winapi_thunks.obj
 0001:00016078       __acrt_GetUserDefaultLocaleName 0000000180017078 f   libucrt:winapi_thunks.obj
 0001:000160dc       __acrt_InitializeCriticalSectionEx 00000001800170dc f   libucrt:winapi_thunks.obj
 0001:00016140       __acrt_IsValidLocaleName   0000000180017140 f   libucrt:winapi_thunks.obj
 0001:00016198       __acrt_LCIDToLocaleName    0000000180017198 f   libucrt:winapi_thunks.obj
 0001:00016208       __acrt_LCMapStringEx       0000000180017208 f   libucrt:winapi_thunks.obj
 0001:000162e4       __acrt_LocaleNameToLCID    00000001800172e4 f   libucrt:winapi_thunks.obj
 0001:00016334       __acrt_MessageBoxW         0000000180017334 f   libucrt:winapi_thunks.obj
 0001:000163a8       __acrt_can_show_message_box 00000001800173a8 f   libucrt:winapi_thunks.obj
 0001:00016418       __acrt_can_use_vista_locale_apis 0000000180017418 f   libucrt:winapi_thunks.obj
 0001:00016448       __acrt_eagerly_load_locale_apis 0000000180017448 f   libucrt:winapi_thunks.obj
 0001:000165a4       __acrt_get_parent_window   00000001800175a4 f   libucrt:winapi_thunks.obj
 0001:0001661c       __acrt_initialize_winapi_thunks 000000018001761c f   libucrt:winapi_thunks.obj
 0001:00016650       __acrt_is_interactive      0000000180017650 f   libucrt:winapi_thunks.obj
 0001:00016718       __acrt_uninitialize_winapi_thunks 0000000180017718 f   libucrt:winapi_thunks.obj
 0001:0001675c       _calloc_base               000000018001775c f   libucrt:calloc_base.obj
 0001:000167d4       _fcloseall                 00000001800177d4 f   libucrt:closeall.obj
 0001:00016888       __acrt_stdio_free_buffer_nolock 0000000180017888 f   libucrt:_freebuf.obj
 0001:00016ac4       __acrt_initialize_lowio    0000000180017ac4 f   libucrt:ioinit.obj
 0001:00016b00       __acrt_uninitialize_lowio  0000000180017b00 f   libucrt:ioinit.obj
 0001:00016bb4       _close                     0000000180017bb4 f   libucrt:close.obj
 0001:00016c58       _close_nolock              0000000180017c58 f   libucrt:close.obj
 0001:00016d18       _fileno                    0000000180017d18 f   libucrt:fileno.obj
 0001:00016d40       ?__acrt_stdio_free_stream@@YAXV__crt_stdio_stream@@@Z 0000000180017d40 f   libucrt:stream.obj
 0001:00016de8       _commit                    0000000180017de8 f   libucrt:commit.obj
 0001:000176e8       _write                     00000001800186e8 f   libucrt:write.obj
 0001:000177d4       _write_nolock              00000001800187d4 f   libucrt:write.obj
 0001:00017ab0       __acrt_stdio_refill_and_read_narrow_nolock 0000000180018ab0 f   libucrt:_filbuf.obj
 0001:000180ec       _ftelli64                  00000001800190ec f   libucrt:ftell.obj
 0001:000180f4       _ftelli64_nolock           00000001800190f4 f   libucrt:ftell.obj
 0001:00018340       __acrt_stdio_flush_and_write_narrow_nolock 0000000180019340 f   libucrt:_flsbuf.obj
 0001:0001842c       __acrt_stdio_flush_and_write_wide_nolock 000000018001942c f   libucrt:_flsbuf.obj
 0001:00018aec       _read                      0000000180019aec f   libucrt:read.obj
 0001:00018c08       _read_nolock               0000000180019c08 f   libucrt:read.obj
 0001:000191ec       _lseeki64                  000000018001a1ec f   libucrt:lseek.obj
 0001:000191f4       _lseeki64_nolock           000000018001a1f4 f   libucrt:lseek.obj
 0001:000191fc       __acrt_stdio_begin_temporary_buffering_nolock 000000018001a1fc f   libucrt:_sftbuf.obj
 0001:000192cc       __acrt_stdio_end_temporary_buffering_nolock 000000018001a2cc f   libucrt:_sftbuf.obj
 0001:00019308       _malloc_base               000000018001a308 f   libucrt:malloc_base.obj
 0001:00019368       __acrt_stdio_allocate_buffer_nolock 000000018001a368 f   libucrt:_getbuf.obj
 0001:000195d4       _mbstowcs_s_l              000000018001a5d4 f   libucrt:mbstowcs.obj
 0001:00019708       mbstowcs_s                 000000018001a708 f   libucrt:mbstowcs.obj
 0001:00019a90       _wcstombs_s_l              000000018001aa90 f   libucrt:wcstombs.obj
 0001:00019b7c       _isctype_l                 000000018001ab7c f   libucrt:isctype.obj
 0001:00019e08       __acrt_GetLocaleInfoA      000000018001ae08 f   libucrt:getlocaleinfoa.obj
 0001:00019fd0       __acrt_GetStringTypeA      000000018001afd0 f   libucrt:getstringtypea.obj
 0001:0001a478       __acrt_LCMapStringA        000000018001b478 f   libucrt:lcmapstringa.obj
 0001:0001a510       _realloc_base              000000018001b510 f   libucrt:realloc_base.obj
 0001:0001a58c       iswctype                   000000018001b58c f   libucrt:iswctype.obj
 0001:0001a5fc       _raise_exc                 000000018001b5fc f   libucrt:fpexcept.obj
 0001:0001a624       _raise_exc_ex              000000018001b624 f   libucrt:fpexcept.obj
 0001:0001a934       _raise_excf                000000018001b934 f   libucrt:fpexcept.obj
 0001:0001a960       _set_errno_from_matherr    000000018001b960 f   libucrt:fpexcept.obj
 0001:0001a990       _clrfp                     000000018001b990 f   libucrt:fpctrl.obj
 0001:0001a9b0       _ctrlfp                    000000018001b9b0 f   libucrt:fpctrl.obj
 0001:0001aa2c       _set_statfp                000000018001ba2c f   libucrt:fpctrl.obj
 0001:0001aa4c       _statfp                    000000018001ba4c f   libucrt:fpctrl.obj
 0001:0001aa60       wcstol                     000000018001ba60 f   libucrt:strtox.obj
 0001:0001aa8c       _mbtowc_l                  000000018001ba8c f   libucrt:mbtowc.obj
 0001:0001ac08       mbtowc                     000000018001bc08 f   libucrt:mbtowc.obj
 0001:0001ac10       _wctomb_s_l                000000018001bc10 f   libucrt:wctomb.obj
 0001:0001adb0       wctomb_s                   000000018001bdb0 f   libucrt:wctomb.obj
 0001:0001b798       __acrt_fp_format           000000018001c798 f   libucrt:cvt.obj
 0001:0001ba20       _fputwc_nolock             000000018001ca20 f   libucrt:fputwc.obj
 0001:0001bb9c       _get_printf_count_output   000000018001cb9c f   libucrt:printf_count_output.obj
 0001:0001bbc0       __acrt_initialize_fma3     000000018001cbc0 f   libucrt:fma3_available.obj
 0001:0001bc30       _pow_special               000000018001cc30 f   libucrt:pow_special.obj
 0001:0001bd54       _powf_special              000000018001cd54 f   libucrt:pow_special.obj
 0001:0001bee0       __acrt_MultiByteToWideChar 000000018001cee0 f   libucrt:multibytetowidechar.obj
 0001:0001bf3c       __acrt_WideCharToMultiByte 000000018001cf3c f   libucrt:widechartomultibyte.obj
 0001:0001bfd4       _wcsicmp                   000000018001cfd4 f   libucrt:wcsicmp.obj
 0001:0001c06c       _wcsicmp_l                 000000018001d06c f   libucrt:wcsicmp.obj
 0001:0001c16c       __acrt_initialize_timeset  000000018001d16c f   libucrt:timeset.obj
 0001:0001c1b0       _isleadbyte_l              000000018001d1b0 f i libucrt:_wctype.obj
 0001:0001c1fc       __acrt_get_developer_information_policy 000000018001d1fc f   libucrt:win_policies.obj
 0001:0001c250       __acrt_get_process_end_policy 000000018001d250 f   libucrt:win_policies.obj
 0001:0001c28c       __acrt_get_windowing_model_policy 000000018001d28c f   libucrt:win_policies.obj
 0001:0001c30c       ??$__acrt_wcs_to_mbs_cp@U__crt_win32_buffer_internal_dynamic_resizing@@@@YAHQEB_WAEAV?$__crt_win32_buffer@DU__crt_win32_buffer_internal_dynamic_resizing@@@@I@Z 000000018001d30c f i libucrt:argv_wildcards.obj
 0001:0001cb3c       __acrt_expand_narrow_argv_wildcards 000000018001db3c f   libucrt:argv_wildcards.obj
 0001:0001d270       __acrt_initialize_multibyte 000000018001e270 f   libucrt:mbctype.obj
 0001:0001d2d0       __acrt_update_thread_multibyte_data 000000018001e2d0 f   libucrt:mbctype.obj
 0001:0001d2ec       _setmbcp_nolock            000000018001e2ec f   libucrt:mbctype.obj
 0001:0001d620       _ismbblead                 000000018001e620 f   libucrt:ismbbyte.obj
 0001:0001d634       __acrt_initialize_command_line 000000018001e634 f   libucrt:argv_data.obj
 0001:0001d65c       __dcrt_get_narrow_environment_from_os 000000018001e65c f   libucrt:get_environment_from_os.obj
 0001:0001d760       _recalloc_base             000000018001e760 f   libucrt:recalloc.obj
 0001:0001d7f8       __acrt_initialize_heap     000000018001e7f8 f   libucrt:heap_handle.obj
 0001:0001d814       __acrt_uninitialize_heap   000000018001e814 f   libucrt:heap_handle.obj
 0001:0001d820       __acrt_execute_initializers 000000018001e820 f   libucrt:shared_initialization.obj
 0001:0001d8a0       __acrt_execute_uninitializers 000000018001e8a0 f   libucrt:shared_initialization.obj
 0001:0001d8dc       __acrt_has_user_matherr    000000018001e8dc f   libucrt:matherr.obj
 0001:0001d8fc       __acrt_initialize_user_matherr 000000018001e8fc f   libucrt:matherr.obj
 0001:0001d904       __acrt_invoke_user_matherr 000000018001e904 f   libucrt:matherr.obj
 0001:0001d934       __acrt_add_locale_ref      000000018001e934 f   libucrt:locale_refcounting.obj
 0001:0001d9c0       __acrt_free_locale         000000018001e9c0 f   libucrt:locale_refcounting.obj
 0001:0001db38       __acrt_locale_add_lc_time_reference 000000018001eb38 f   libucrt:locale_refcounting.obj
 0001:0001db60       __acrt_locale_free_lc_time_if_unreferenced 000000018001eb60 f   libucrt:locale_refcounting.obj
 0001:0001db98       __acrt_locale_release_lc_time_reference 000000018001eb98 f   libucrt:locale_refcounting.obj
 0001:0001dbc0       __acrt_release_locale_ref  000000018001ebc0 f   libucrt:locale_refcounting.obj
 0001:0001dc68       __acrt_update_thread_locale_data 000000018001ec68 f   libucrt:locale_refcounting.obj
 0001:0001dcd8       _updatetlocinfoEx_nolock   000000018001ecd8 f   libucrt:locale_refcounting.obj
 0001:0001dd40       wcsncpy_s                  000000018001ed40 f   libucrt:wcsncpy_s.obj
 0001:0001de24       __acrt_locale_free_monetary 000000018001ee24 f   libucrt:initmon.obj
 0001:0001df30       __acrt_locale_initialize_monetary 000000018001ef30 f   libucrt:initmon.obj
 0001:0001e464       __acrt_locale_free_numeric 000000018001f464 f   libucrt:initnum.obj
[...]
 0004:00001c14       $pdata$GetLcidFromLangCountry 0000000180041c14     libucrt:getqloc_downlevel.obj
 0004:00001c20       $pdata$GetLcidFromLanguage 0000000180041c20     libucrt:getqloc_downlevel.obj
 0004:00001c2c       $pdata$LangCountryEnumProc 0000000180041c2c     libucrt:getqloc_downlevel.obj
 0004:00001c38       $pdata$LanguageEnumProc    0000000180041c38     libucrt:getqloc_downlevel.obj
 0004:00001c44       $pdata$ProcessCodePage     0000000180041c44     libucrt:getqloc_downlevel.obj
 0004:00001c50       $pdata$TestDefaultLanguage 0000000180041c50     libucrt:getqloc_downlevel.obj
 0004:00001c5c       $pdata$TranslateName       0000000180041c5c     libucrt:getqloc_downlevel.obj
 0004:00001c68       $pdata$__acrt_get_qualified_locale_downlevel 0000000180041c68     libucrt:getqloc_downlevel.obj
 0004:00001c74       $pdata$?GetTableIndexFromLocaleName@@YAHPEB_W@Z 0000000180041c74     libucrt:lcidtoname_downlevel.obj
 0004:00001c80       $pdata$__acrt_DownlevelLCIDToLocaleName 0000000180041c80     libucrt:lcidtoname_downlevel.obj
 0004:00001c8c       $pdata$__acrt_DownlevelLocaleNameToLCID 0000000180041c8c     libucrt:lcidtoname_downlevel.obj
 0004:00001c98       $pdata$__acrt_lowio_create_handle_array 0000000180041c98     libucrt:osfinfo.obj
 0004:00001ca4       $pdata$__acrt_lowio_destroy_handle_array 0000000180041ca4     libucrt:osfinfo.obj
 0004:00001cb0       $pdata$__acrt_lowio_ensure_fh_exists 0000000180041cb0     libucrt:osfinfo.obj
 0004:00001cbc       $pdata$_free_osfhnd        0000000180041cbc     libucrt:osfinfo.obj
 0004:00001cc8       $pdata$_get_osfhandle      0000000180041cc8     libucrt:osfinfo.obj
 0004:00001cd4       $pdata$_isatty             0000000180041cd4     libucrt:isatty.obj
 0004:00001ce0       $pdata$?__mbrtowc_utf8@__crt_mbstring@@YA_KPEA_WPEBD_KPEAU_Mbstatet@@@Z 0000000180041ce0     libucrt:mbrtowc.obj
 0004:00001cec       $pdata$?__mbsrtowcs_utf8@__crt_mbstring@@YA_KPEA_WPEAPEBD_KPEAU_Mbstatet@@@Z 0000000180041cec     libucrt:mbrtowc.obj
 0004:00001cf8       $pdata$_putwch_nolock      0000000180041cf8     libucrt:putwch.obj
 0004:00001d04       $pdata$?__wcsrtombs_utf8@__crt_mbstring@@YA_KPEADPEAPEB_W_KPEAU_Mbstatet@@@Z 0000000180041d04     libucrt:wcrtomb.obj
 0004:00001d10       $pdata$strncpy_s           0000000180041d10     libucrt:strncpy_s.obj
 0004:00001d1c       $pdata$__acrt_fenv_set_control 0000000180041d1c     libucrt:_fenvutils.obj
 0004:00001d34       $pdata$?__c32rtomb_utf8@__crt_mbstring@@YA_KPEAD_UPEAU_Mbstatet@@@Z 0000000180041d34     libucrt:c32rtomb.obj
 0004:00001d40       $pdata$__acrt_fp_strflt_to_string 0000000180041d40     libucrt:_fptostr.obj
 0004:00001d4c       $pdata$__acrt_fltout       0000000180041d4c     libucrt:cfout.obj
 0004:00001d58       $pdata$_call_matherr       0000000180041d58     libucrt:libm_error.obj
 0004:00001d64       $pdata$_exception_enabled  0000000180041d64     libucrt:libm_error.obj
 0004:00001d70       $pdata$_handle_error       0000000180041d70     libucrt:libm_error.obj
 0004:00001d7c       $pdata$_handle_errorf      0000000180041d7c     libucrt:libm_error.obj
 0004:00001d88       $pdata$_towlower_l         0000000180041d88     libucrt:towlower.obj
 0004:00001d94       $pdata$qsort               0000000180041d94     libucrt:qsort.obj
 0004:00001da0       $pdata$4$qsort             0000000180041da0     libucrt:qsort.obj
 0004:00001dac       $pdata$5$qsort             0000000180041dac     libucrt:qsort.obj
 0004:00001db8       $pdata$fallbackMethod      0000000180041db8     libucrt:strpbrk.obj
 0004:00001dc4       $pdata$strpbrk             0000000180041dc4     libucrt:strpbrk.obj
 0004:00001dd0       $pdata$_mbsdec_l           0000000180041dd0     libucrt:mbsdec.obj
 0004:00001ddc       $pdata$?initialize_multibyte@@YAHXZ 0000000180041ddc     libucrt:multibyte_initializer.obj
 0004:00001de8       $pdata$_msize_base         0000000180041de8     libucrt:msize.obj
 0004:00001df4       $pdata$_wcsnicmp           0000000180041df4     libucrt:wcsnicmp.obj
 0004:00001e00       $pdata$_wcsnicmp_l         0000000180041e00     libucrt:wcsnicmp.obj
 0004:00001e0c       $pdata$?__mbrtoc32_utf8@__crt_mbstring@@YA_KPEA_UPEBD_KPEAU_Mbstatet@@@Z 0000000180041e0c     libucrt:mbrtoc32.obj
 0004:00001e18       $pdata$__dcrt_lowio_ensure_console_output_initialized 0000000180041e18     libucrt:initcon.obj
 0004:00001e24       $pdata$__dcrt_terminate_console_output 0000000180041e24     libucrt:initcon.obj
 0004:00001e30       $pdata$__dcrt_write_console 0000000180041e30     libucrt:initcon.obj
 0004:00001e3c       $pdata$?__c16rtomb_utf8@__crt_mbstring@@YA_KPEAD_SPEAU_Mbstatet@@@Z 0000000180041e3c     libucrt:c16rtomb.obj
 0004:00001e48       $pdata$fegetenv            0000000180041e48     libucrt:fegetenv.obj
 0004:00001e54       $pdata$fesetenv            0000000180041e54     libucrt:fesetenv.obj
 0004:00001e60       $pdata$feholdexcept        0000000180041e60     libucrt:feholdexcept.obj
 0004:00001e78       $pdata$__acrt_LCMapStringW 0000000180041e78     libucrt:lcmapstringw.obj
 0004:00001e84       $pdata$_clearfp            0000000180041e84     libucrt:ieee.obj
 0004:00001e90       $pdata$_log10_special      0000000180041e90     libucrt:log_special.obj
 0004:00001e9c       $pdata$_log_special_common 0000000180041e9c     libucrt:log_special.obj
 0004:00001ea8       $pdata$?DloadAcquireSectionWriteAccess@@YAXXZ 0000000180041ea8     DelayImp:delayhlp.obj
 0004:00001eb4       $pdata$?DloadGetSRWLockFunctionPointers@@YAEXZ 0000000180041eb4     DelayImp:delayhlp.obj
 0004:00001ec0       $pdata$?DloadMakePermanentImageCommit@@YAXPEAX_K@Z 0000000180041ec0     DelayImp:delayhlp.obj
 0004:00001ecc       $pdata$?DloadObtainSection@@YAPEAXPEAK0@Z 0000000180041ecc     DelayImp:delayhlp.obj
 0004:00001ed8       $pdata$?DloadProtectSection@@YAXKPEAK@Z 0000000180041ed8     DelayImp:delayhlp.obj
 0004:00001ee4       $pdata$?DloadReleaseSectionWriteAccess@@YAXXZ 0000000180041ee4     DelayImp:delayhlp.obj
 0004:00001ef0       $pdata$__delayLoadHelper2  0000000180041ef0     DelayImp:delayhlp.obj
 0004:00001efc       $pdata$_IsNonwritableInCurrentImage 0000000180041efc     LIBCMT:pesect.obj
 0004:00001f08       $pdata$_local_unwind       0000000180041f08     libvcruntime:jmpuwind.obj
 0004:00001f14       $pdata$strrchr             0000000180041f14     libvcruntime:strrchr.obj
 0004:00001f20       $pdata$wcschr              0000000180041f20     libvcruntime:wcschr.obj
 0004:00001f38       $pdata$?dtor$0@?0???0?$basic_ostream@DU?$char_traits@D@std@@@std@@QEAA@PEAV?$basic_streambuf@DU?$char_traits@D@std@@@1@_N@Z@4HA 0000000180041f38     libcpmt:cout.obj
 0004:00001f44       $pdata$?dtor$0@?0??_Getcat@?$codecvt@DDU_Mbstatet@@@std@@SA_KPEAPEBVfacet@locale@2@PEBV42@@Z@4HA 0000000180041f44     libcpmt:cout.obj
 0004:00001f50       $pdata$__scrt_is_nonwritable_in_current_image$filt$0 0000000180041f50     LIBCMT:utility.obj
 0004:00001f5c       $pdata$?fin$0@?0??dllmain_crt_process_attach@@YAHQEAUHINSTANCE__@@QEAX@Z@4HA 0000000180041f5c     LIBCMT:dll_dllmain.obj
 0004:00001f68       $pdata$?fin$0@?0??dllmain_crt_process_detach@@YAH_N@Z@4HA 0000000180041f68     LIBCMT:dll_dllmain.obj
 0004:00001f74       $pdata$?filt$0@?0??dllmain_dispatch@@YAHQEAUHINSTANCE__@@KQEAX@Z@4HA 0000000180041f74     LIBCMT:dll_dllmain.obj
 0004:00001f80       $pdata$?filt$0@?0???$_CallSETranslator@V__FrameHandler3@@@@YAHPEAUEHExceptionRecord@@PEA_KPEAU_CONTEXT@@PEAU_xDISPATCHER_CONTEXT@@PEBU_s_FuncInfo@@K1@Z@4HA 0000000180041f80     libvcruntime:risctrnsctrl.obj
 0004:00001f8c       $pdata$__DestructExceptionObject$filt$0 0000000180041f8c     libvcruntime:ehhelpers.obj
 0004:00001f98       $pdata$?filt$0@?0??CxxCallCatchBlock@__FrameHandler3@@SAPEAXPEAU_EXCEPTION_RECORD@@@Z@4HA 0000000180041f98     libvcruntime:frame.obj
 0004:00001fa4       $pdata$?fin$1@?0??CxxCallCatchBlock@__FrameHandler3@@SAPEAXPEAU_EXCEPTION_RECORD@@@Z@4HA 0000000180041fa4     libvcruntime:frame.obj
 0004:00001fb0       $pdata$?filt$0@?0??FrameUnwindToState@__FrameHandler3@@SAXPEA_KPEAU_xDISPATCHER_CONTEXT@@PEBU_s_FuncInfo@@H@Z@4HA 0000000180041fb0     libvcruntime:frame.obj
 0004:00001fbc       $pdata$?fin$1@?0??FrameUnwindToState@__FrameHandler3@@SAXPEA_KPEAU_xDISPATCHER_CONTEXT@@PEBU_s_FuncInfo@@H@Z@4HA 0000000180041fbc     libvcruntime:frame.obj
 0004:00001fc8       $pdata$?fin$0@?0??common_fseek@@YAHV__crt_stdio_stream@@_JH@Z@4HA 0000000180041fc8     libucrt:fseek.obj
 0004:00001fc8       $pdata$?fin$0@?0???$common_ftell@_J@@YA_JV__crt_stdio_stream@@@Z@4HA 0000000180041fc8     libucrt:ftell.obj
 0004:00001fc8       $pdata$fclose$fin$0        0000000180041fc8     libucrt:fclose.obj
 0004:00001fd4       $pdata$?fin$0@?0???$?RV<lambda_84ec643ea9557e2f7dc01bb0e9624395>@@AEAV<lambda_ca71763b3c0644891230e4f79ea54fa6>@@V<lambda_439a761618c59b0600e24586724d733b>@@@?$__crt_seh_guarded_call@H@@QEAAH$$QEAV<lambda_84ec643ea9557e2f7dc01bb0e9624395>@@AEAV<lambda_ca71763b3c0644891230e4f79ea54fa6>@@$$QEAV<lambda_439a761618c59b0600e24586724d733b>@@@Z@4HA 0000000180041fd4     libucrt:setvbuf.obj
 0004:00001fd4       $pdata$?fin$0@?0???$?RV<lambda_842d9ff0dc9ef11c61343bbaebe7f885>@@AEAV<lambda_c5860995281e5c4ce005b3de8f5874ee>@@V<lambda_d90129c13df834fdcbf8d2b88dafcf2d>@@@?$__crt_seh_guarded_call@X@@QEAAX$$QEAV<lambda_842d9ff0dc9ef11c61343bbaebe7f885>@@AEAV<lambda_c5860995281e5c4ce005b3de8f5874ee>@@$$QEAV<lambda_d90129c13df834fdcbf8d2b88dafcf2d>@@@Z@4HA 0000000180041fd4     libucrt:fflush.obj
 0004:00001fd4       $pdata$?fin$0@?0???$?RV<lambda_bdbcead8b570fa3d5ec6d9679862a6e5>@@AEAV<lambda_96f4279ff90247a4c5c5d9824f56f8c1>@@V<lambda_4606be27f17b5e5579e09050fab91818>@@@?$__crt_seh_guarded_call@_K@@QEAA_K$$QEAV<lambda_bdbcead8b570fa3d5ec6d9679862a6e5>@@AEAV<lambda_96f4279ff90247a4c5c5d9824f56f8c1>@@$$QEAV<lambda_4606be27f17b5e5579e09050fab91818>@@@Z@4HA 0000000180041fd4     libucrt:fwrite.obj
 0004:00001fd4       $pdata$?fin$0@?0???$?RV<lambda_0d412022a4b28cc8a401ea49574e8ae6>@@AEAV<lambda_a775ed57af18ba8e4d5dc780aa9068fe>@@V<lambda_975a71a6baa488a08f4e15f6b0339b9e>@@@?$__crt_seh_guarded_call@H@@QEAAH$$QEAV<lambda_0d412022a4b28cc8a401ea49574e8ae6>@@AEAV<lambda_a775ed57af18ba8e4d5dc780aa9068fe>@@$$QEAV<lambda_975a71a6baa488a08f4e15f6b0339b9e>@@@Z@4HA 0000000180041fd4     libucrt:output.obj
 0004:00001fd4       $pdata$?fin$0@?0???$?RV<lambda_c376a267cfb53b6959b3b692ec76b120>@@AEAV<lambda_9a32fed5bf61b6b509b2d3f6003082a1>@@V<lambda_572fbb9fa0ab338edf41edfd4b5fcc8d>@@@?$__crt_seh_guarded_call@H@@QEAAH$$QEAV<lambda_c376a267cfb53b6959b3b692ec76b120>@@AEAV<lambda_9a32fed5bf61b6b509b2d3f6003082a1>@@$$QEAV<lambda_572fbb9fa0ab338edf41edfd4b5fcc8d>@@@Z@4HA 0000000180041fd4     libucrt:fflush.obj
 0004:00001fe0       $pdata$?fin$0@?0???$?RV<lambda_886d6c58226a84441f68b9f2b8217b83>@@AEAV<lambda_ab61a845afdef5b7c387490eaf3616ee>@@V<lambda_f7f22ab5edc0698d5f6905b0d3f44752>@@@?$__crt_seh_guarded_call@X@@QEAAX$$QEAV<lambda_886d6c58226a84441f68b9f2b8217b83>@@AEAV<lambda_ab61a845afdef5b7c387490eaf3616ee>@@$$QEAV<lambda_f7f22ab5edc0698d5f6905b0d3f44752>@@@Z@4HA 0000000180041fe0     libucrt:fflush.obj
 0004:00001fec       $pdata$fgetc$fin$0         0000000180041fec     libucrt:fgetc.obj
 0004:00001ff8       $pdata$fputc$fin$0         0000000180041ff8     libucrt:fputc.obj
 0004:00002004       $pdata$fread_s$fin$0       0000000180042004     libucrt:fread.obj
 0004:00002010       $pdata$ungetc$fin$0        0000000180042010     libucrt:ungetc.obj
 0004:0000201c       $pdata$?fin$0@?0???$?RV<lambda_efdfa57d1f175319df784efa44bb7b81>@@AEAV<lambda_5f0a4c1567f8adc6734073e5d1e1b35c>@@V<lambda_2e8a7d3640ea6ccb4c2413664c2db6fd>@@@?$__crt_seh_guarded_call@X@@QEAAX$$QEAV<lambda_efdfa57d1f175319df784efa44bb7b81>@@AEAV<lambda_5f0a4c1567f8adc6734073e5d1e1b35c>@@$$QEAV<lambda_2e8a7d3640ea6ccb4c2413664c2db6fd>@@@Z@4HA 000000018004201c     libucrt:mbctype.obj
 0004:0000201c       $pdata$?fin$0@?0???$?RV<lambda_1d892b297fdedeee07ed8124eeb2f2fa>@@AEAV<lambda_ffc046909424fd52df0ac47e64813305>@@V<lambda_01a7098693036236037e7cdb9bca3d73>@@@?$__crt_seh_guarded_call@X@@QEAAX$$QEAV<lambda_1d892b297fdedeee07ed8124eeb2f2fa>@@AEAV<lambda_ffc046909424fd52df0ac47e64813305>@@$$QEAV<lambda_01a7098693036236037e7cdb9bca3d73>@@@Z@4HA 000000018004201c     libucrt:wsetlocale.obj
 0004:0000201c       $pdata$?fin$0@?0???$?RV<lambda_7777bce6b2f8c936911f934f8298dc43>@@AEAV<lambda_f03950bc5685219e0bcd2087efbe011e>@@V<lambda_3883c3dff614d5e0c5f61bb1ac94921c>@@@?$__crt_seh_guarded_call@H@@QEAAH$$QEAV<lambda_7777bce6b2f8c936911f934f8298dc43>@@AEAV<lambda_f03950bc5685219e0bcd2087efbe011e>@@$$QEAV<lambda_3883c3dff614d5e0c5f61bb1ac94921c>@@@Z@4HA 000000018004201c     libucrt:onexit.obj
 0004:0000201c       $pdata$?fin$0@?0???$?RV<lambda_f2e299630e499de9f9a165e60fcd3db5>@@AEAV<lambda_2ae9d31cdba2644fcbeaf08da7c24588>@@V<lambda_40d01ff24d0e7b3814fdbdcee8eab3c7>@@@?$__crt_seh_guarded_call@X@@QEAAX$$QEAV<lambda_f2e299630e499de9f9a165e60fcd3db5>@@AEAV<lambda_2ae9d31cdba2644fcbeaf08da7c24588>@@$$QEAV<lambda_40d01ff24d0e7b3814fdbdcee8eab3c7>@@@Z@4HA 000000018004201c     libucrt:per_thread_data.obj
 0004:0000201c       $pdata$?fin$0@?0???$?RV<lambda_aa87e3671a710a21b5dc78c0bdf72e11>@@AEAV<lambda_92619d2358a28f41a33ba319515a20b9>@@V<lambda_6992ecaafeb10aed2b74cb1fae11a551>@@@?$__crt_seh_guarded_call@X@@QEAAX$$QEAV<lambda_aa87e3671a710a21b5dc78c0bdf72e11>@@AEAV<lambda_92619d2358a28f41a33ba319515a20b9>@@$$QEAV<lambda_6992ecaafeb10aed2b74cb1fae11a551>@@@Z@4HA 000000018004201c     libucrt:per_thread_data.obj
 0004:0000201c       $pdata$?fin$0@?0???$?RV<lambda_bd00b5aa228bd7e7e5b2b5db5fd2933b>@@AEAV<lambda_777d11615145f89ee95b9466d285deeb>@@V<lambda_6e5e48fbd24f9f8f81b203eb3d877683>@@@?$__crt_seh_guarded_call@H@@QEAAH$$QEAV<lambda_bd00b5aa228bd7e7e5b2b5db5fd2933b>@@AEAV<lambda_777d11615145f89ee95b9466d285deeb>@@$$QEAV<lambda_6e5e48fbd24f9f8f81b203eb3d877683>@@@Z@4HA 000000018004201c     libucrt:winapi_thunks.obj
 0004:0000201c       $pdata$?fin$0@?0???$?RV<lambda_0ae27a3a962d80f24befdcbee591983d>@@AEAV<lambda_8d0ee55de4b1038c4002e0adecdf1839>@@V<lambda_dc504788e8f1664fe9b84e20bfb512f2>@@@?$__crt_seh_guarded_call@X@@QEAAX$$QEAV<lambda_0ae27a3a962d80f24befdcbee591983d>@@AEAV<lambda_8d0ee55de4b1038c4002e0adecdf1839>@@$$QEAV<lambda_dc504788e8f1664fe9b84e20bfb512f2>@@@Z@4HA 000000018004201c     libucrt:per_thread_data.obj
 0004:0000201c       $pdata$?fin$0@?0???$?RV<lambda_450d765d439847d4c735a33c368b5fc0>@@AEAV<lambda_44731a7d0e6d81c3e6aa82d741081786>@@V<lambda_601a2a7da3b7a96e9554ac7215c4b07c>@@@?$__crt_seh_guarded_call@P6AXH@Z@@QEAAP6AXH@Z$$QEAV<lambda_450d765d439847d4c735a33c368b5fc0>@@AEAV<lambda_44731a7d0e6d81c3e6aa82d741081786>@@$$QEAV<lambda_601a2a7da3b7a96e9554ac7215c4b07c>@@@Z@4HA 000000018004201c     libucrt:signal.obj
 0004:0000201c       $pdata$?fin$0@?0???$?RV<lambda_9bd929c17696992ce54f1d748594fc62>@@AEAV<lambda_082c17da81b0962e08c0587ee0fac50c>@@V<lambda_9c08ac857f4975304d44e9f601d9b878>@@@?$__crt_seh_guarded_call@PEAD@@QEAAPEAD$$QEAV<lambda_9bd929c17696992ce54f1d748594fc62>@@AEAV<lambda_082c17da81b0962e08c0587ee0fac50c>@@$$QEAV<lambda_9c08ac857f4975304d44e9f601d9b878>@@@Z@4HA 000000018004201c     libucrt:setlocale.obj
 0004:0000201c       $pdata$?fin$0@?0???$?RV<lambda_d80eeec6fff315bfe5c115232f3240e3>@@AEAV<lambda_6e4b09c48022b2350581041d5f6b0c4c>@@V<lambda_2358e3775559c9db80273638284d5e45>@@@?$__crt_seh_guarded_call@X@@QEAAX$$QEAV<lambda_d80eeec6fff315bfe5c115232f3240e3>@@AEAV<lambda_6e4b09c48022b2350581041d5f6b0c4c>@@$$QEAV<lambda_2358e3775559c9db80273638284d5e45>@@@Z@4HA 000000018004201c     libucrt:exit.obj
 0004:0000201c       $pdata$?fin$0@?0???$?RV<lambda_638799b9deba96c50f710eeac98168cd>@@AEAV<lambda_22ebabd17bc4fa466a2aca6d8deb888d>@@V<lambda_a6f7d7db0129f75315ebf26d50c089f1>@@@?$__crt_seh_guarded_call@H@@QEAAH$$QEAV<lambda_638799b9deba96c50f710eeac98168cd>@@AEAV<lambda_22ebabd17bc4fa466a2aca6d8deb888d>@@$$QEAV<lambda_a6f7d7db0129f75315ebf26d50c089f1>@@@Z@4HA 000000018004201c     libucrt:onexit.obj
 0004:0000201c       $pdata$?fin$0@?0???$?RV<lambda_2d41944a1d46af3157314b8a01080d33>@@AEAV<lambda_8f455de75cd7d7f24b4096f044d8b9e6>@@V<lambda_aa500f224e6afead328df44964fe2772>@@@?$__crt_seh_guarded_call@X@@QEAAX$$QEAV<lambda_2d41944a1d46af3157314b8a01080d33>@@AEAV<lambda_8f455de75cd7d7f24b4096f044d8b9e6>@@$$QEAV<lambda_aa500f224e6afead328df44964fe2772>@@@Z@4HA 000000018004201c     libucrt:per_thread_data.obj
 0004:00002028       $pdata$_query_new_handler$fin$0 0000000180042028     libucrt:new_handler.obj
 0004:00002034       $pdata$?filt$0@?0???R<lambda_6e4b09c48022b2350581041d5f6b0c4c>@@QEBA@XZ@4HA 0000000180042034     libucrt:exit.obj
 0004:00002040       $pdata$raise$fin$0         0000000180042040     libucrt:signal.obj
 0004:0000204c       $pdata$?fin$0@?0???$?RV<lambda_410d79af7f07d98d83a3f525b3859a53>@@AEAV<lambda_3e16ef9562a7dcce91392c22ab16ea36>@@V<lambda_38119f0e861e05405d8a144b9b982f0a>@@@?$__crt_seh_guarded_call@X@@QEAAX$$QEAV<lambda_410d79af7f07d98d83a3f525b3859a53>@@AEAV<lambda_3e16ef9562a7dcce91392c22ab16ea36>@@$$QEAV<lambda_38119f0e861e05405d8a144b9b982f0a>@@@Z@4HA 000000018004204c     libucrt:wsetlocale.obj
 0004:00002058       $pdata$?fin$0@?0???$?RV<lambda_7f2adfce497ff2baa965cd4f576ecfd1>@@AEAV<lambda_2a444430fde8c29194d880d93eed5e8f>@@AEAV<lambda_8dff2cf36a5417162780cd64fa2883ef>@@@?$__crt_seh_guarded_call@X@@QEAAX$$QEAV<lambda_7f2adfce497ff2baa965cd4f576ecfd1>@@AEAV<lambda_2a444430fde8c29194d880d93eed5e8f>@@AEAV<lambda_8dff2cf36a5417162780cd64fa2883ef>@@@Z@4HA 0000000180042058     libucrt:wsetlocale.obj
 0004:00002064       $pdata$_fcloseall$fin$0    0000000180042064     libucrt:closeall.obj
 0004:00002070       $pdata$__acrt_lowio_ensure_fh_exists$fin$0 0000000180042070     libucrt:osfinfo.obj
 0004:00002070       $pdata$__acrt_initialize_lowio$fin$0 0000000180042070     libucrt:ioinit.obj
 0004:0000207c       $pdata$?fin$0@?0???$?RV<lambda_751a882b2c74d4b022dec766aa51a29a>@@AEAV<lambda_628dfdc04ba53c8bfc02c9951375f3f5>@@V<lambda_f6c7be5f7998530c34de24c7437d6b54>@@@?$__crt_seh_guarded_call@H@@QEAAH$$QEAV<lambda_751a882b2c74d4b022dec766aa51a29a>@@AEAV<lambda_628dfdc04ba53c8bfc02c9951375f3f5>@@$$QEAV<lambda_f6c7be5f7998530c34de24c7437d6b54>@@@Z@4HA 000000018004207c     libucrt:close.obj
 0004:0000207c       $pdata$?fin$0@?0???$?RV<lambda_a37b2b86f63e897a80ea819b0eb08c01>@@AEAV<lambda_38ce7e780aa69e748d6df282ebc68efe>@@V<lambda_99fb1378e971ab6e7edea83e3a7a83a2>@@@?$__crt_seh_guarded_call@H@@QEAAH$$QEAV<lambda_a37b2b86f63e897a80ea819b0eb08c01>@@AEAV<lambda_38ce7e780aa69e748d6df282ebc68efe>@@$$QEAV<lambda_99fb1378e971ab6e7edea83e3a7a83a2>@@@Z@4HA 000000018004207c     libucrt:commit.obj
 0004:00002088       $pdata$?fin$0@?0???$common_lseek@_J@@YA_JH_JH@Z@4HA 0000000180042088     libucrt:lseek.obj
 0004:00002088       $pdata$_write$fin$0        0000000180042088     libucrt:write.obj
 0004:00002094       $pdata$_read$fin$0         0000000180042094     libucrt:read.obj
 0004:000020a0       $pdata$_ctrlfp$filt$0      00000001800420a0     libucrt:fpctrl.obj
 0004:000020ac       $pdata$?fin$0@?0??update_thread_multibyte_data_internal@@YAPEAU__crt_multibyte_data@@QEAU__acrt_ptd@@QEAPEAU1@@Z@4HA 00000001800420ac     libucrt:mbctype.obj
 0004:000020b8       $pdata$__acrt_update_thread_locale_data$fin$0 00000001800420b8     libucrt:locale_refcounting.obj
 0004:000020c4       $pdata$_IsNonwritableInCurrentImage$filt$0 00000001800420c4     LIBCMT:pesect.obj
 0004:000020d0       $pdata$??__Fcout@std@@YAXXZ 00000001800420d0     libcpmt:cout.obj
 0004:000020dc       $pdata$??__Fclassic_locale@std@@YAXXZ 00000001800420dc     libcpmt:locale0.obj
 0004:000020e8       $pdata$??__Finit_atexit@@YAXXZ 00000001800420e8     libcpmt:iosptrs.obj
 0005:00000060       $R000000                   0000000180043060     * linker generated manifest res *

 Exports

  ordinal    name

        1    _register_addon_
